Cleared: /path/to/results/scrapy/bug19
Running: python -m unittest -q tests.test_http_cookies.WrappedRequestTest.test_get_full_url
Workdir: /path/to/BugsInPy/workspace/scrapy
PYTHONPATH: /path/to/BugsInPy/workspace/scrapy::
IE_TRACE: Source path:... /path/to/BugsInPy/workspace/scrapy/tests/test_http_cookies.py
IE_TRACE: Starting var:.. self = <tests.test_http_cookies.WrappedRequestTest testMethod=test_get_full_url>
IE_TRACE: 12:35:52.628690 call        14     def setUp(self):
IE_TRACE: 12:35:52.628891 line        15         self.request = Request("http://www.example.com/page.html",
IE_TRACE: 12:35:52.628920 line        16                                headers={"Content-Type": "text/html"})
IE_TRACE: 12:35:52.628939 line        15         self.request = Request("http://www.example.com/page.html",
IE_TRACE:     Source path:... /path/to/BugsInPy/workspace/scrapy/scrapy/utils/trackref.py
IE_TRACE:     Starting var:.. cls = <class 'scrapy.http.request.Request'>
IE_TRACE:     Starting var:.. args = ('http://www.example.com/page.html',)
IE_TRACE:     Starting var:.. kwargs = {'headers': {'Content-Type': 'text/html'}}
IE_TRACE:     12:35:52.628961 call        30     def __new__(cls, *args, **kwargs):
IE_TRACE:     12:35:52.629042 line        31         obj = object.__new__(cls)
IE_TRACE:     New var:....... obj = REPR FAILED
IE_TRACE:     12:35:52.629063 line        32         live_refs[cls][obj] = time()
IE_TRACE:     Source path:... /path/to/BugsInPy/workspace/scrapy/scrapy/utils/trackref.py
IE_TRACE:     12:35:52.629436 line        33         return obj
IE_TRACE:     12:35:52.629460 return      33         return obj
IE_TRACE:     Return value:.. REPR FAILED
IE_TRACE:     Source path:... /path/to/BugsInPy/workspace/scrapy/scrapy/http/request/__init__.py
IE_TRACE:     Starting var:.. self = REPR FAILED
IE_TRACE:     Starting var:.. url = 'http://www.example.com/page.html'
IE_TRACE:     Starting var:.. callback = None
IE_TRACE:     Starting var:.. method = 'GET'
IE_TRACE:     Starting var:.. headers = {'Content-Type': 'text/html'}
IE_TRACE:     Starting var:.. body = None
IE_TRACE:     Starting var:.. cookies = None
IE_TRACE:     Starting var:.. meta = None
IE_TRACE:     Starting var:.. encoding = 'utf-8'
IE_TRACE:     Starting var:.. priority = 0
IE_TRACE:     Starting var:.. dont_filter = False
IE_TRACE:     Starting var:.. errback = None
IE_TRACE:     12:35:52.629493 call        19     def __init__(self, url, callback=None, method='GET', headers=None, body=None,
IE_TRACE:     12:35:52.629630 line        23         self._encoding = encoding  # this one has to be set first
IE_TRACE:     12:35:52.629659 line        24         self.method = str(method).upper()
IE_TRACE:     12:35:52.629685 line        25         self._set_url(url)
IE_TRACE:         Starting var:.. self = REPR FAILED
IE_TRACE:         Starting var:.. url = 'http://www.example.com/page.html'
IE_TRACE:         12:35:52.629717 call        49     def _set_url(self, url):
IE_TRACE:         12:35:52.629744 line        50         if not isinstance(url, six.string_types):
IE_TRACE:         12:35:52.629760 line        53         url = to_native_str(url, self.encoding)
IE_TRACE:             Starting var:.. self = REPR FAILED
IE_TRACE:             12:35:52.629775 call        73     def encoding(self):
IE_TRACE:             12:35:52.629795 line        74         return self._encoding
IE_TRACE:             12:35:52.629809 return      74         return self._encoding
IE_TRACE:             Return value:.. 'utf-8'
IE_TRACE:             Source path:... /path/to/BugsInPy/workspace/scrapy/scrapy/utils/python.py
IE_TRACE:             Starting var:.. text = 'http://www.example.com/page.html'
IE_TRACE:             Starting var:.. encoding = 'utf-8'
IE_TRACE:             Starting var:.. errors = 'strict'
IE_TRACE:             12:35:52.629832 call       125 def to_native_str(text, encoding=None, errors='strict'):
IE_TRACE:             12:35:52.629905 line       128     if six.PY2:
IE_TRACE:             12:35:52.629925 line       131         return to_unicode(text, encoding, errors)
IE_TRACE:                 Starting var:.. text = 'http://www.example.com/page.html'
IE_TRACE:                 Starting var:.. encoding = 'utf-8'
IE_TRACE:                 Starting var:.. errors = 'strict'
IE_TRACE:                 12:35:52.629943 call        99 def to_unicode(text, encoding=None, errors='strict'):
IE_TRACE:                 12:35:52.629968 line       102     if isinstance(text, six.text_type):
IE_TRACE:                 12:35:52.629982 line       103         return text
IE_TRACE:                 12:35:52.629995 return     103         return text
IE_TRACE:                 Return value:.. 'http://www.example.com/page.html'
IE_TRACE:             12:35:52.630014 return     131         return to_unicode(text, encoding, errors)
IE_TRACE:             Return value:.. 'http://www.example.com/page.html'
IE_TRACE:         Source path:... /path/to/BugsInPy/workspace/scrapy/scrapy/http/request/__init__.py
IE_TRACE:         12:35:52.630032 line        54         self._url = escape_ajax(safe_url_string(url))
IE_TRACE:             Source path:... /path/to/.venv/lib/python3.12/site-packages/w3lib/url.py
IE_TRACE:             Starting var:.. url = 'http://www.example.com/page.html'
IE_TRACE:             Starting var:.. encoding = 'utf8'
IE_TRACE:             Starting var:.. path_encoding = 'utf8'
IE_TRACE:             Starting var:.. quote_path = True
IE_TRACE:             12:35:52.630067 call        90 def safe_url_string(  # pylint: disable=too-many-locals
IE_TRACE:             12:35:52.630220 line       139     decoded = to_unicode(url, encoding=encoding, errors="percentencode")
IE_TRACE:                 Source path:... /path/to/.venv/lib/python3.12/site-packages/w3lib/util.py
IE_TRACE:                 Starting var:.. text = 'http://www.example.com/page.html'
IE_TRACE:                 Starting var:.. encoding = 'utf8'
IE_TRACE:                 Starting var:.. errors = 'percentencode'
IE_TRACE:                 12:35:52.630252 call         4 def to_unicode(
IE_TRACE:                 12:35:52.630314 line         9     if isinstance(text, str):
IE_TRACE:                 12:35:52.630331 line        10         return text
IE_TRACE:                 12:35:52.630346 return      10         return text
IE_TRACE:                 Return value:.. 'http://www.example.com/page.html'
IE_TRACE:             Source path:... /path/to/.venv/lib/python3.12/site-packages/w3lib/url.py
IE_TRACE:             New var:....... decoded = 'http://www.example.com/page.html'
IE_TRACE:             12:35:52.630368 line       140     parts = urlsplit(_strip(decoded))
IE_TRACE:                 Starting var:.. url = 'http://www.example.com/page.html'
IE_TRACE:                 12:35:52.630402 call        84 def _strip(url: str) -> str:
IE_TRACE:                 12:35:52.630422 line        85     return url.strip(_C0_CONTROL_OR_SPACE).translate(
IE_TRACE:                 12:35:52.630436 line        86         _ASCII_TAB_OR_NEWLINE_TRANSLATION_TABLE
IE_TRACE:                 12:35:52.630449 line        85     return url.strip(_C0_CONTROL_OR_SPACE).translate(
IE_TRACE:                 12:35:52.630464 return      85     return url.strip(_C0_CONTROL_OR_SPACE).translate(
IE_TRACE:                 Return value:.. 'http://www.example.com/page.html'
IE_TRACE:             Source path:... /path/to/.venv/lib/python3.12/site-packages/w3lib/url.py
IE_TRACE:             New var:....... parts = SplitResult(scheme='http', netloc='www.example.com', path='/page.html', query='', fragment='')
IE_TRACE:             12:35:52.632403 line       143         parts.username,
IE_TRACE:             Source path:... /path/to/.venv/lib/python3.12/site-packages/w3lib/url.py
IE_TRACE:             12:35:52.632674 line       144         parts.password,
IE_TRACE:             Source path:... /path/to/.venv/lib/python3.12/site-packages/w3lib/url.py
IE_TRACE:             12:35:52.632926 line       145         parts.hostname,
IE_TRACE:             Source path:... /path/to/.venv/lib/python3.12/site-packages/w3lib/url.py
IE_TRACE:             12:35:52.633368 line       146         parts.port,
IE_TRACE:             Source path:... /path/to/.venv/lib/python3.12/site-packages/w3lib/url.py
IE_TRACE:             12:35:52.633743 line       142     username, password, hostname, port = (
IE_TRACE:             New var:....... username = None
IE_TRACE:             New var:....... password = None
IE_TRACE:             New var:....... hostname = 'www.example.com'
IE_TRACE:             New var:....... port = None
IE_TRACE:             12:35:52.633770 line       148     netloc_bytes = b""
IE_TRACE:             New var:....... netloc_bytes = b''
IE_TRACE:             12:35:52.633815 line       149     if username is not None or password is not None:
IE_TRACE:             12:35:52.633846 line       158     if hostname is not None:
IE_TRACE:             12:35:52.633871 line       159         if ":" in hostname:
IE_TRACE:             12:35:52.633896 line       164             try:
IE_TRACE:             12:35:52.633920 line       165                 netloc_bytes += hostname.encode("idna")
IE_TRACE:                                 Source path:... /path/to/.venv/lib/python3.12/site-packages/_distutils_hack/__init__.py
IE_TRACE:                                 Starting var:.. self = <_distutils_hack.DistutilsMetaFinder object at 0x7ec89f4704d0>
IE_TRACE:                                 Starting var:.. fullname = 'encodings.idna'
IE_TRACE:                                 Starting var:.. path = ['/usr/lib/python3.12/encodings']
IE_TRACE:                                 Starting var:.. target = None
IE_TRACE:                                 12:35:52.637546 call       101     def find_spec(self, fullname, path, target=None):
IE_TRACE:                                 12:35:52.637647 line       104         if path is not None and not fullname.startswith('test.'):
IE_TRACE:                                 12:35:52.637672 line       105             return None
IE_TRACE:                                 12:35:52.637694 return     105             return None
IE_TRACE:                                 Return value:.. None
IE_TRACE:                             Source path:... <frozen importlib._bootstrap>
IE_TRACE:                             New var:....... spec = None
IE_TRACE:                             12:35:52.637722 line      1256 SOURCE IS UNAVAILABLE
IE_TRACE:                                 Starting var:.. self = <_frozen_importlib._ImportLockContext object at 0x7ec89cdd7b90>
IE_TRACE:                                 Starting var:.. exc_type = None
IE_TRACE:                                 Starting var:.. exc_value = None
IE_TRACE:                                 Starting var:.. exc_traceback = None
IE_TRACE:                                 12:35:52.637763 call      1226 SOURCE IS UNAVAILABLE
IE_TRACE:                                 12:35:52.637805 line      1228 SOURCE IS UNAVAILABLE
IE_TRACE:                                 12:35:52.637828 return    1228 SOURCE IS UNAVAILABLE
IE_TRACE:                                 Return value:.. None
IE_TRACE:                             12:35:52.637856 line      1263 SOURCE IS UNAVAILABLE
IE_TRACE:                             12:35:52.637884 line      1255 SOURCE IS UNAVAILABLE
IE_TRACE:                             Modified var:.. finder = <class '_frozen_importlib.BuiltinImporter'>
IE_TRACE:                             12:35:52.637911 line      1256 SOURCE IS UNAVAILABLE
IE_TRACE:                                 Starting var:.. self = <_frozen_importlib._ImportLockContext object at 0x7ec89cda7e90>
IE_TRACE:                                 12:35:52.637944 call      1222 SOURCE IS UNAVAILABLE
IE_TRACE:                                 12:35:52.637966 line      1224 SOURCE IS UNAVAILABLE
IE_TRACE:                                 12:35:52.637984 return    1224 SOURCE IS UNAVAILABLE
IE_TRACE:                                 Return value:.. None
IE_TRACE:                             12:35:52.638007 line      1257 SOURCE IS UNAVAILABLE
IE_TRACE:                             12:35:52.638034 line      1258 SOURCE IS UNAVAILABLE
IE_TRACE:                             Modified var:.. find_spec = <bound method BuiltinImporter.find_spec of <class '_frozen_importlib.BuiltinImporter'>>
IE_TRACE:                             12:35:52.638061 line      1262 SOURCE IS UNAVAILABLE
IE_TRACE:                                 Starting var:.. cls = <class '_frozen_importlib.BuiltinImporter'>
IE_TRACE:                                 Starting var:.. fullname = 'encodings.idna'
IE_TRACE:                                 Starting var:.. path = ['/usr/lib/python3.12/encodings']
IE_TRACE:                                 Starting var:.. target = None
IE_TRACE:                                 12:35:52.638095 call       982 SOURCE IS UNAVAILABLE
IE_TRACE:                                 12:35:52.638136 line       984 SOURCE IS UNAVAILABLE
IE_TRACE:                                 12:35:52.638158 line       987 SOURCE IS UNAVAILABLE
IE_TRACE:                                 12:35:52.638178 return     987 SOURCE IS UNAVAILABLE
IE_TRACE:                                 Return value:.. None
IE_TRACE:                             12:35:52.638208 line      1256 SOURCE IS UNAVAILABLE
IE_TRACE:                                 Starting var:.. self = <_frozen_importlib._ImportLockContext object at 0x7ec89cda7e90>
IE_TRACE:                                 Starting var:.. exc_type = None
IE_TRACE:                                 Starting var:.. exc_value = None
IE_TRACE:                                 Starting var:.. exc_traceback = None
IE_TRACE:                                 12:35:52.638236 call      1226 SOURCE IS UNAVAILABLE
IE_TRACE:                                 12:35:52.638278 line      1228 SOURCE IS UNAVAILABLE
IE_TRACE:                                 12:35:52.638299 return    1228 SOURCE IS UNAVAILABLE
IE_TRACE:                                 Return value:.. None
IE_TRACE:                             12:35:52.638327 line      1263 SOURCE IS UNAVAILABLE
IE_TRACE:                             12:35:52.638354 line      1255 SOURCE IS UNAVAILABLE
IE_TRACE:                             Modified var:.. finder = <class '_frozen_importlib.FrozenImporter'>
IE_TRACE:                             12:35:52.638380 line      1256 SOURCE IS UNAVAILABLE
IE_TRACE:                                 Starting var:.. self = <_frozen_importlib._ImportLockContext object at 0x7ec89cdd4350>
IE_TRACE:                                 12:35:52.638412 call      1222 SOURCE IS UNAVAILABLE
IE_TRACE:                                 12:35:52.638434 line      1224 SOURCE IS UNAVAILABLE
IE_TRACE:                                 12:35:52.638451 return    1224 SOURCE IS UNAVAILABLE
IE_TRACE:                                 Return value:.. None
IE_TRACE:                             12:35:52.638474 line      1257 SOURCE IS UNAVAILABLE
IE_TRACE:                             12:35:52.638502 line      1258 SOURCE IS UNAVAILABLE
IE_TRACE:                             Modified var:.. find_spec = <bound method FrozenImporter.find_spec of <class '_frozen_importlib.FrozenImporter'>>
IE_TRACE:                             12:35:52.638528 line      1262 SOURCE IS UNAVAILABLE
IE_TRACE:                                 Starting var:.. cls = <class '_frozen_importlib.FrozenImporter'>
IE_TRACE:                                 Starting var:.. fullname = 'encodings.idna'
IE_TRACE:                                 Starting var:.. path = ['/usr/lib/python3.12/encodings']
IE_TRACE:                                 Starting var:.. target = None
IE_TRACE:                                 12:35:52.638564 call      1128 SOURCE IS UNAVAILABLE
IE_TRACE:                                 12:35:52.638607 line      1130 SOURCE IS UNAVAILABLE
IE_TRACE:                                     Starting var:.. f = <built-in function find_frozen>
IE_TRACE:                                     Starting var:.. args = ('encodings.idna',)
IE_TRACE:                                     Starting var:.. kwds = {}
IE_TRACE:                                     12:35:52.638631 call       480 SOURCE IS UNAVAILABLE
IE_TRACE:                                     12:35:52.638668 line       488 SOURCE IS UNAVAILABLE
IE_TRACE:                                     12:35:52.638689 return     488 SOURCE IS UNAVAILABLE
IE_TRACE:                                     Return value:.. None
IE_TRACE:                                 New var:....... info = None
IE_TRACE:                                 12:35:52.638716 line      1131 SOURCE IS UNAVAILABLE
IE_TRACE:                                 12:35:52.638745 line      1132 SOURCE IS UNAVAILABLE
IE_TRACE:                                 12:35:52.638769 return    1132 SOURCE IS UNAVAILABLE
IE_TRACE:                                 Return value:.. None
IE_TRACE:                             12:35:52.638799 line      1256 SOURCE IS UNAVAILABLE
IE_TRACE:                                 Starting var:.. self = <_frozen_importlib._ImportLockContext object at 0x7ec89cdd4350>
IE_TRACE:                                 Starting var:.. exc_type = None
IE_TRACE:                                 Starting var:.. exc_value = None
IE_TRACE:                                 Starting var:.. exc_traceback = None
IE_TRACE:                                 12:35:52.638827 call      1226 SOURCE IS UNAVAILABLE
IE_TRACE:                                 12:35:52.638866 line      1228 SOURCE IS UNAVAILABLE
IE_TRACE:                                 12:35:52.638887 return    1228 SOURCE IS UNAVAILABLE
IE_TRACE:                                 Return value:.. None
IE_TRACE:                             12:35:52.638913 line      1263 SOURCE IS UNAVAILABLE
IE_TRACE:                             12:35:52.638940 line      1255 SOURCE IS UNAVAILABLE
IE_TRACE:                             Modified var:.. finder = <class '_frozen_importlib_external.PathFinder'>
IE_TRACE:                             12:35:52.638966 line      1256 SOURCE IS UNAVAILABLE
IE_TRACE:                                 Starting var:.. self = <_frozen_importlib._ImportLockContext object at 0x7ec89cda7b90>
IE_TRACE:                                 12:35:52.638998 call      1222 SOURCE IS UNAVAILABLE
IE_TRACE:                                 12:35:52.639020 line      1224 SOURCE IS UNAVAILABLE
IE_TRACE:                                 12:35:52.639037 return    1224 SOURCE IS UNAVAILABLE
IE_TRACE:                                 Return value:.. None
IE_TRACE:                             12:35:52.639060 line      1257 SOURCE IS UNAVAILABLE
IE_TRACE:                             12:35:52.639087 line      1258 SOURCE IS UNAVAILABLE
IE_TRACE:                             Modified var:.. find_spec = <bound method PathFinder.find_spec of <class '_frozen_importlib_external.PathFinder'>>
IE_TRACE:                             12:35:52.639113 line      1262 SOURCE IS UNAVAILABLE
IE_TRACE:                                 Source path:... <frozen importlib._bootstrap_external>
IE_TRACE:                                 Starting var:.. cls = <class '_frozen_importlib_external.PathFinder'>
IE_TRACE:                                 Starting var:.. fullname = 'encodings.idna'
IE_TRACE:                                 Starting var:.. path = ['/usr/lib/python3.12/encodings']
IE_TRACE:                                 Starting var:.. target = None
IE_TRACE:                                 12:35:52.639148 call      1520 SOURCE IS UNAVAILABLE
IE_TRACE:                                 12:35:52.639211 line      1526 SOURCE IS UNAVAILABLE
IE_TRACE:                                 12:35:52.639234 line      1528 SOURCE IS UNAVAILABLE
IE_TRACE:                                     Starting var:.. cls = <class '_frozen_importlib_external.PathFinder'>
IE_TRACE:                                     Starting var:.. fullname = 'encodings.idna'
IE_TRACE:                                     Starting var:.. path = ['/usr/lib/python3.12/encodings']
IE_TRACE:                                     Starting var:.. target = None
IE_TRACE:                                     12:35:52.639260 call      1491 SOURCE IS UNAVAILABLE
IE_TRACE:                                     12:35:52.639302 line      1496 SOURCE IS UNAVAILABLE
IE_TRACE:                                     New var:....... namespace_path = []
IE_TRACE:                                     12:35:52.639324 line      1497 SOURCE IS UNAVAILABLE
IE_TRACE:                                     New var:....... entry = '/usr/lib/python3.12/encodings'
IE_TRACE:                                     12:35:52.639352 line      1498 SOURCE IS UNAVAILABLE
IE_TRACE:                                     12:35:52.639382 line      1500 SOURCE IS UNAVAILABLE
IE_TRACE:                                     New var:....... finder = FileFinder('/usr/lib/python3.12/encodings')
IE_TRACE:                                     12:35:52.639419 line      1501 SOURCE IS UNAVAILABLE
IE_TRACE:                                     12:35:52.639452 line      1502 SOURCE IS UNAVAILABLE
IE_TRACE:                                     New var:....... spec = ModuleSpec(name='encodings.idna', loader=<_frozen_importlib_external.SourceFileLoader object at 0x7ec89cc284a0>, origin='/usr/lib/python3.12/encodings/idna.py')
IE_TRACE:                                     12:35:52.639703 line      1503 SOURCE IS UNAVAILABLE
IE_TRACE:                                     12:35:52.639740 line      1505 SOURCE IS UNAVAILABLE
IE_TRACE:                                     12:35:52.639768 line      1506 SOURCE IS UNAVAILABLE
IE_TRACE:                                     12:35:52.639796 return    1506 SOURCE IS UNAVAILABLE
IE_TRACE:                                     Return value:.. ModuleSpec(name='encodings.idna', loader=<_frozen_importlib_external.SourceFileLoader object at 0x7ec89cc284a0>, origin='/usr/lib/python3.12/encodings/idna.py')
IE_TRACE:                                 New var:....... spec = ModuleSpec(name='encodings.idna', loader=<_frozen_importlib_external.SourceFileLoader object at 0x7ec89cc284a0>, origin='/usr/lib/python3.12/encodings/idna.py')
IE_TRACE:                                 12:35:52.639831 line      1529 SOURCE IS UNAVAILABLE
IE_TRACE:                                 12:35:52.639860 line      1531 SOURCE IS UNAVAILABLE
IE_TRACE:                                 12:35:52.639883 line      1542 SOURCE IS UNAVAILABLE
IE_TRACE:                                 12:35:52.639906 return    1542 SOURCE IS UNAVAILABLE
IE_TRACE:                                 Return value:.. ModuleSpec(name='encodings.idna', loader=<_frozen_importlib_external.SourceFileLoader object at 0x7ec89cc284a0>, origin='/usr/lib/python3.12/encodings/idna.py')
IE_TRACE:                             Source path:... <frozen importlib._bootstrap>
IE_TRACE:                             Modified var:.. spec = ModuleSpec(name='encodings.idna', loader=<_frozen_importlib_external.SourceFileLoader object at 0x7ec89cc284a0>, origin='/usr/lib/python3.12/encodings/idna.py')
IE_TRACE:                             12:35:52.639937 line      1256 SOURCE IS UNAVAILABLE
IE_TRACE:                                 Starting var:.. self = <_frozen_importlib._ImportLockContext object at 0x7ec89cda7b90>
IE_TRACE:                                 Starting var:.. exc_type = None
IE_TRACE:                                 Starting var:.. exc_value = None
IE_TRACE:                                 Starting var:.. exc_traceback = None
IE_TRACE:                                 12:35:52.639981 call      1226 SOURCE IS UNAVAILABLE
IE_TRACE:                                 12:35:52.640025 line      1228 SOURCE IS UNAVAILABLE
IE_TRACE:                                 12:35:52.640046 return    1228 SOURCE IS UNAVAILABLE
IE_TRACE:                                 Return value:.. None
IE_TRACE:                             12:35:52.640073 line      1263 SOURCE IS UNAVAILABLE
IE_TRACE:                             12:35:52.640102 line      1265 SOURCE IS UNAVAILABLE
IE_TRACE:                             12:35:52.640131 line      1280 SOURCE IS UNAVAILABLE
IE_TRACE:                             12:35:52.640159 return    1280 SOURCE IS UNAVAILABLE
IE_TRACE:                             Return value:.. ModuleSpec(name='encodings.idna', loader=<_frozen_importlib_external.SourceFileLoader object at 0x7ec89cc284a0>, origin='/usr/lib/python3.12/encodings/idna.py')
IE_TRACE:                         New var:....... spec = ModuleSpec(name='encodings.idna', loader=<_frozen_importlib_external.SourceFileLoader object at 0x7ec89cc284a0>, origin='/usr/lib/python3.12/encodings/idna.py')
IE_TRACE:                         12:35:52.640197 line      1323 SOURCE IS UNAVAILABLE
IE_TRACE:                         12:35:52.640235 line      1326 SOURCE IS UNAVAILABLE
IE_TRACE:                         12:35:52.640263 line      1329 SOURCE IS UNAVAILABLE
IE_TRACE:                         12:35:52.640292 line      1330 SOURCE IS UNAVAILABLE
IE_TRACE:                         12:35:52.640320 line      1331 SOURCE IS UNAVAILABLE
IE_TRACE:                             Starting var:.. spec = ModuleSpec(name='encodings.idna', loader=<_frozen_importlib_external.SourceFileLoader object at 0x7ec89cc284a0>, origin='/usr/lib/python3.12/encodings/idna.py')
IE_TRACE:                             12:35:52.640355 call       911 SOURCE IS UNAVAILABLE
IE_TRACE:                             12:35:52.640380 line       913 SOURCE IS UNAVAILABLE
IE_TRACE:                             12:35:52.640399 line       915 SOURCE IS UNAVAILABLE
IE_TRACE:                             12:35:52.640417 line       921 SOURCE IS UNAVAILABLE
IE_TRACE:                                 Starting var:.. spec = ModuleSpec(name='encodings.idna', loader=<_frozen_importlib_external.SourceFileLoader object at 0x7ec89cc284a0>, origin='/usr/lib/python3.12/encodings/idna.py')
IE_TRACE:                                 12:35:52.640438 call       806 SOURCE IS UNAVAILABLE
IE_TRACE:                                 12:35:52.640463 line       809 SOURCE IS UNAVAILABLE
IE_TRACE:                                 New var:....... module = None
IE_TRACE:                                 12:35:52.640482 line       810 SOURCE IS UNAVAILABLE
IE_TRACE:                                 12:35:52.640507 line       813 SOURCE IS UNAVAILABLE
IE_TRACE:                                     Source path:... <frozen importlib._bootstrap_external>
IE_TRACE:                                     Starting var:.. self = <_frozen_importlib_external.SourceFileLoader object at 0x7ec89cc284a0>
IE_TRACE:                                     Starting var:.. spec = ModuleSpec(name='encodings.idna', loader=<_frozen_importlib_external.SourceFileLoader object at 0x7ec89cc284a0>, origin='/usr/lib/python3.12/encodings/idna.py')
IE_TRACE:                                     12:35:52.640527 call       986 SOURCE IS UNAVAILABLE
IE_TRACE:                                     12:35:52.640564 line       986 SOURCE IS UNAVAILABLE
IE_TRACE:                                     12:35:52.640584 return     986 SOURCE IS UNAVAILABLE
IE_TRACE:                                     Return value:.. None
IE_TRACE:                                 Source path:... <frozen importlib._bootstrap>
IE_TRACE:                                 12:35:52.640610 line       817 SOURCE IS UNAVAILABLE
IE_TRACE:                                 12:35:52.640635 line       818 SOURCE IS UNAVAILABLE
IE_TRACE:                                     Starting var:.. name = 'encodings.idna'
IE_TRACE:                                     12:35:52.640656 call        48 SOURCE IS UNAVAILABLE
IE_TRACE:                                     12:35:52.640679 line        49 SOURCE IS UNAVAILABLE
IE_TRACE:                                     12:35:52.640698 return      49 SOURCE IS UNAVAILABLE
IE_TRACE:                                     Return value:.. <module 'encodings.idna'>
IE_TRACE:                                 Modified var:.. module = <module 'encodings.idna'>
IE_TRACE:                                 12:35:52.640726 line       819 SOURCE IS UNAVAILABLE
IE_TRACE:                                     Starting var:.. spec = ModuleSpec(name='encodings.idna', loader=<_frozen_importlib_external.SourceFileLoader object at 0x7ec89cc284a0>, origin='/usr/lib/python3.12/encodings/idna.py')
IE_TRACE:                                     Starting var:.. module = <module 'encodings.idna'>
IE_TRACE:                                     Starting var:.. override = False
IE_TRACE:                                     12:35:52.640763 call       733 SOURCE IS UNAVAILABLE
IE_TRACE:                                     12:35:52.640804 line       737 SOURCE IS UNAVAILABLE
IE_TRACE:                                     12:35:52.640829 line       743 SOURCE IS UNAVAILABLE
IE_TRACE:                                     12:35:52.640853 line       744 SOURCE IS UNAVAILABLE
IE_TRACE:                                     New var:....... loader = <_frozen_importlib_external.SourceFileLoader object at 0x7ec89cc284a0>
IE_TRACE:                                     12:35:52.640876 line       745 SOURCE IS UNAVAILABLE
IE_TRACE:                                     12:35:52.640906 line       766 SOURCE IS UNAVAILABLE
IE_TRACE:                                     12:35:52.640931 line       767 SOURCE IS UNAVAILABLE
IE_TRACE:                                     Modified var:.. module = <module 'encodings.idna' (<_frozen_importlib_external.SourceFileLoader object at 0x7ec89cc284a0>)>
IE_TRACE:                                     12:35:52.640956 line       771 SOURCE IS UNAVAILABLE
IE_TRACE:                                     12:35:52.640987 line       772 SOURCE IS UNAVAILABLE
IE_TRACE:                                     12:35:52.641012 line       773 SOURCE IS UNAVAILABLE
IE_TRACE:                                     12:35:52.641048 line       777 SOURCE IS UNAVAILABLE
IE_TRACE:                                     12:35:52.641073 line       778 SOURCE IS UNAVAILABLE
IE_TRACE:                                     Modified var:.. module = <module 'encodings.idna' from '/usr/lib/python3.12/encodings/idna.py'>
IE_TRACE:                                     12:35:52.641097 line       782 SOURCE IS UNAVAILABLE
IE_TRACE:                                     12:35:52.641126 line       783 SOURCE IS UNAVAILABLE
IE_TRACE:                                     12:35:52.641150 line       790 SOURCE IS UNAVAILABLE
IE_TRACE:                                     12:35:52.641182 line       791 SOURCE IS UNAVAILABLE
IE_TRACE:                                     12:35:52.641209 line       792 SOURCE IS UNAVAILABLE
IE_TRACE:                                     12:35:52.641232 line       793 SOURCE IS UNAVAILABLE
IE_TRACE:                                     12:35:52.641255 line       797 SOURCE IS UNAVAILABLE
IE_TRACE:                                     12:35:52.641278 line       798 SOURCE IS UNAVAILABLE
IE_TRACE:                                     12:35:52.641386 line       799 SOURCE IS UNAVAILABLE
IE_TRACE:                                     12:35:52.641412 line       800 SOURCE IS UNAVAILABLE
IE_TRACE:                                     12:35:52.641445 line       803 SOURCE IS UNAVAILABLE
IE_TRACE:                                     12:35:52.641468 return     803 SOURCE IS UNAVAILABLE
IE_TRACE:                                     Return value:.. <module 'encodings.idna' from '/usr/lib/python3.12/encodings/idna.py'>
IE_TRACE:                                 Modified var:.. module = <module 'encodings.idna' from '/usr/lib/python3.12/encodings/idna.py'>
IE_TRACE:                                 12:35:52.641499 line       820 SOURCE IS UNAVAILABLE
IE_TRACE:                                 12:35:52.641525 return     820 SOURCE IS UNAVAILABLE
IE_TRACE:                                 Return value:.. <module 'encodings.idna' from '/usr/lib/python3.12/encodings/idna.py'>
IE_TRACE:                             New var:....... module = <module 'encodings.idna' from '/usr/lib/python3.12/encodings/idna.py'>
IE_TRACE:                             12:35:52.641552 line       926 SOURCE IS UNAVAILABLE
IE_TRACE:                             12:35:52.641577 line       927 SOURCE IS UNAVAILABLE
IE_TRACE:                             12:35:52.641597 line       928 SOURCE IS UNAVAILABLE
IE_TRACE:                             12:35:52.641616 line       929 SOURCE IS UNAVAILABLE
IE_TRACE:                             12:35:52.641636 line       930 SOURCE IS UNAVAILABLE
IE_TRACE:                             12:35:52.641656 line       935 SOURCE IS UNAVAILABLE
IE_TRACE:                                 Source path:... <frozen importlib._bootstrap_external>
IE_TRACE:                                 Starting var:.. self = <_frozen_importlib_external.SourceFileLoader object at 0x7ec89cc284a0>
IE_TRACE:                                 Starting var:.. module = <module 'encodings.idna' from '/usr/lib/python3.12/encodings/idna.py'>
IE_TRACE:                                 12:35:52.641678 call       989 SOURCE IS UNAVAILABLE
IE_TRACE:                                 12:35:52.641714 line       991 SOURCE IS UNAVAILABLE
IE_TRACE:                                     Starting var:.. self = <_frozen_importlib_external.SourceFileLoader object at 0x7ec89cc284a0>
IE_TRACE:                                     Starting var:.. fullname = 'encodings.idna'
IE_TRACE:                                     12:35:52.641748 call      1062 SOURCE IS UNAVAILABLE
IE_TRACE:                                     12:35:52.641784 line      1069 SOURCE IS UNAVAILABLE
IE_TRACE:                                     New var:....... source_path = '/usr/lib/python3.12/encodings/idna.py'
IE_TRACE:                                     12:35:52.641826 line      1070 SOURCE IS UNAVAILABLE
IE_TRACE:                                     New var:....... source_mtime = None
IE_TRACE:                                     12:35:52.641855 line      1071 SOURCE IS UNAVAILABLE
IE_TRACE:                                     New var:....... source_bytes = None
IE_TRACE:                                     12:35:52.641884 line      1072 SOURCE IS UNAVAILABLE
IE_TRACE:                                     New var:....... source_hash = None
IE_TRACE:                                     12:35:52.641915 line      1073 SOURCE IS UNAVAILABLE
IE_TRACE:                                     New var:....... hash_based = False
IE_TRACE:                                     12:35:52.641947 line      1074 SOURCE IS UNAVAILABLE
IE_TRACE:                                     New var:....... check_source = True
IE_TRACE:                                     12:35:52.641979 line      1075 SOURCE IS UNAVAILABLE
IE_TRACE:                                     12:35:52.642013 line      1076 SOURCE IS UNAVAILABLE
IE_TRACE:                                     New var:....... bytecode_path = '/usr/lib/python3.12/encodings/__pycache__/idna.cpython-312.pyc'
IE_TRACE:                                     12:35:52.642093 line      1080 SOURCE IS UNAVAILABLE
IE_TRACE:                                     12:35:52.642128 line      1081 SOURCE IS UNAVAILABLE
IE_TRACE:                                     New var:....... st = {'mtime': 1772540118.0, 'size': 9710}
IE_TRACE:                                     12:35:52.642199 line      1085 SOURCE IS UNAVAILABLE
IE_TRACE:                                     Modified var:.. source_mtime = 1772540118
IE_TRACE:                                     12:35:52.642252 line      1086 SOURCE IS UNAVAILABLE
IE_TRACE:                                     12:35:52.642296 line      1087 SOURCE IS UNAVAILABLE
IE_TRACE:                                     New var:....... data = bytes(len=9916)
IE_TRACE:                                     12:35:52.642354 line      1092 SOURCE IS UNAVAILABLE
IE_TRACE:                                     12:35:52.642393 line      1093 SOURCE IS UNAVAILABLE
IE_TRACE:                                     12:35:52.642425 line      1091 SOURCE IS UNAVAILABLE
IE_TRACE:                                     New var:....... exc_details = {'name': 'encodings.idna', 'path': '/usr/lib/python3.12/encodings/__pycache__/idna.cpython-312.pyc'}
IE_TRACE:                                     12:35:52.642455 line      1095 SOURCE IS UNAVAILABLE
IE_TRACE:                                     12:35:52.642490 line      1096 SOURCE IS UNAVAILABLE
IE_TRACE:                                     New var:....... flags = 0
IE_TRACE:                                     12:35:52.642549 line      1097 SOURCE IS UNAVAILABLE
IE_TRACE:                                     New var:....... bytes_data = <memory at 0x7ec89cd8cb80>
IE_TRACE:                                     12:35:52.642588 line      1098 SOURCE IS UNAVAILABLE
IE_TRACE:                                     12:35:52.642626 line      1099 SOURCE IS UNAVAILABLE
IE_TRACE:                                     12:35:52.642659 line      1112 SOURCE IS UNAVAILABLE
IE_TRACE:                                     12:35:52.642692 line      1113 SOURCE IS UNAVAILABLE
IE_TRACE:                                     12:35:52.642725 line      1114 SOURCE IS UNAVAILABLE
IE_TRACE:                                     12:35:52.642758 line      1115 SOURCE IS UNAVAILABLE
IE_TRACE:                                     12:35:52.642790 line      1116 SOURCE IS UNAVAILABLE
IE_TRACE:                                     12:35:52.642823 line      1117 SOURCE IS UNAVAILABLE
IE_TRACE:                                     12:35:52.642858 line      1112 SOURCE IS UNAVAILABLE
IE_TRACE:                                     12:35:52.642923 line      1122 SOURCE IS UNAVAILABLE
IE_TRACE:                                     12:35:52.642957 line      1123 SOURCE IS UNAVAILABLE
IE_TRACE:                                     12:35:52.642989 line      1122 SOURCE IS UNAVAILABLE
IE_TRACE:                                     12:35:52.643031 line      1124 SOURCE IS UNAVAILABLE
IE_TRACE:                                     12:35:52.643063 line      1125 SOURCE IS UNAVAILABLE
IE_TRACE:                                     12:35:52.643096 line      1126 SOURCE IS UNAVAILABLE
IE_TRACE:                                     12:35:52.643128 line      1124 SOURCE IS UNAVAILABLE
IE_TRACE:                                     12:35:52.643253 return    1124 SOURCE IS UNAVAILABLE
IE_TRACE:                                     Return value:.. <code object <module> at 0x2484e980, file "/usr/lib/python3.12/encodings/idna.py", line 1>
IE_TRACE:                                 New var:....... code = <code object <module> at 0x2484e980, file "/usr/lib/python3.12/encodings/idna.py", line 1>
IE_TRACE:                                 12:35:52.643302 line       992 SOURCE IS UNAVAILABLE
IE_TRACE:                                 12:35:52.643328 line       995 SOURCE IS UNAVAILABLE
IE_TRACE:                                     Source path:... <frozen importlib._bootstrap>
IE_TRACE:                                     Starting var:.. f = <built-in function exec>
IE_TRACE:                                     Starting var:.. args = (<code object <module> at 0x2484e980, file "/usr/lib/python3.12/encodings/idna.py", line 1>, {'__name__': 'encodings.idna', '__doc__': None, '__package__': 'encodings', '__loader__': <_frozen_importlib_external.SourceFileLoader object at 0x7ec89cc2...zen_importlib_external.SourceFileLoader object at 0x7ec89cc284a0>, origin='/usr/lib/python3.12/encodings/idna.py'), '__file__': '/usr/lib/python3.12/encodings/idna.py', '__cached__': '/usr/lib/python3.12/encodings/__pycache__/idna.cpython-312.pyc'})
IE_TRACE:                                     Starting var:.. kwds = {}
IE_TRACE:                                     12:35:52.643349 call       480 SOURCE IS UNAVAILABLE
IE_TRACE:                                     12:35:52.643394 line       488 SOURCE IS UNAVAILABLE
IE_TRACE:                                     Modified var:.. args = (<code object <module> at 0x2484e980, file "/usr/lib/python3.12/encodings/idna.py", line 1>, {'__name__': 'encodings.idna', '__doc__': None, '__package__': 'encodings', '__loader__': <_frozen_importlib_external.SourceFileLoader object at 0x7ec89cc2...ntalEncoder'>, 'IncrementalDecoder': <class 'encodings.idna.IncrementalDecoder'>, 'StreamWriter': <class 'encodings.idna.StreamWriter'>, 'StreamReader': <class 'encodings.idna.StreamReader'>, 'getregentry': <function getregentry at 0x7ec89cdeb100>})
IE_TRACE:                                     12:35:52.648100 return     488 SOURCE IS UNAVAILABLE
IE_TRACE:                                     Return value:.. None
IE_TRACE:                                 Source path:... <frozen importlib._bootstrap_external>
IE_TRACE:                                 12:35:52.648353 return     995 SOURCE IS UNAVAILABLE
IE_TRACE:                                 Return value:.. None
IE_TRACE:                             Source path:... <frozen importlib._bootstrap>
IE_TRACE:                             12:35:52.648397 line       946 SOURCE IS UNAVAILABLE
IE_TRACE:                             12:35:52.648426 line       947 SOURCE IS UNAVAILABLE
IE_TRACE:                             12:35:52.648447 line       948 SOURCE IS UNAVAILABLE
IE_TRACE:                                 Starting var:.. message = 'import {!r} # {!r}'
IE_TRACE:                                 Starting var:.. verbosity = 1
IE_TRACE:                                 Starting var:.. args = ('encodings.idna', <_frozen_importlib_external.SourceFileLoader object at 0x7ec89cc284a0>)
IE_TRACE:                                 12:35:52.648469 call       491 SOURCE IS UNAVAILABLE
IE_TRACE:                                 12:35:52.648505 line       493 SOURCE IS UNAVAILABLE
IE_TRACE:                                 12:35:52.648527 return     493 SOURCE IS UNAVAILABLE
IE_TRACE:                                 Return value:.. None
IE_TRACE:                             12:35:52.648552 line       950 SOURCE IS UNAVAILABLE
IE_TRACE:                             12:35:52.648572 line       952 SOURCE IS UNAVAILABLE
IE_TRACE:                             12:35:52.648591 return     952 SOURCE IS UNAVAILABLE
IE_TRACE:                             Return value:.. <module 'encodings.idna' from '/usr/lib/python3.12/encodings/idna.py'>
IE_TRACE:                         New var:....... module = <module 'encodings.idna' from '/usr/lib/python3.12/encodings/idna.py'>
IE_TRACE:                         12:35:52.648616 line      1333 SOURCE IS UNAVAILABLE
IE_TRACE:                         12:35:52.648656 line      1334 SOURCE IS UNAVAILABLE
IE_TRACE:                         12:35:52.648688 line      1335 SOURCE IS UNAVAILABLE
IE_TRACE:                         12:35:52.648718 line      1337 SOURCE IS UNAVAILABLE
IE_TRACE:                         12:35:52.648746 line      1338 SOURCE IS UNAVAILABLE
IE_TRACE:                         12:35:52.648774 line      1339 SOURCE IS UNAVAILABLE
IE_TRACE:                         12:35:52.648802 line      1343 SOURCE IS UNAVAILABLE
IE_TRACE:                         12:35:52.648830 return    1343 SOURCE IS UNAVAILABLE
IE_TRACE:                         Return value:.. <module 'encodings.idna' from '/usr/lib/python3.12/encodings/idna.py'>
IE_TRACE:                     12:35:52.648864 line      1357 SOURCE IS UNAVAILABLE
IE_TRACE:                         Starting var:.. self = <_frozen_importlib._ModuleLockManager object at 0x7ec89cda7bf0>
IE_TRACE:                         Starting var:.. args = (None, None, None)
IE_TRACE:                         Starting var:.. kwargs = {}
IE_TRACE:                         12:35:52.648885 call       420 SOURCE IS UNAVAILABLE
IE_TRACE:                         12:35:52.648916 line       421 SOURCE IS UNAVAILABLE
IE_TRACE:                             Starting var:.. self = _ModuleLock('encodings.idna') at 139400090319664
IE_TRACE:                             12:35:52.648936 call       372 SOURCE IS UNAVAILABLE
IE_TRACE:                             12:35:52.648959 line       373 SOURCE IS UNAVAILABLE
IE_TRACE:                             New var:....... tid = 139400142835840
IE_TRACE:                             12:35:52.648976 line       374 SOURCE IS UNAVAILABLE
IE_TRACE:                             12:35:52.648997 line       375 SOURCE IS UNAVAILABLE
IE_TRACE:                             12:35:52.649014 line       377 SOURCE IS UNAVAILABLE
IE_TRACE:                             12:35:52.649031 line       378 SOURCE IS UNAVAILABLE
IE_TRACE:                             12:35:52.649047 line       379 SOURCE IS UNAVAILABLE
IE_TRACE:                             12:35:52.649063 line       380 SOURCE IS UNAVAILABLE
IE_TRACE:                             12:35:52.649078 line       381 SOURCE IS UNAVAILABLE
IE_TRACE:                             12:35:52.649094 line       374 SOURCE IS UNAVAILABLE
IE_TRACE:                             12:35:52.649110 return     374 SOURCE IS UNAVAILABLE
IE_TRACE:                             Return value:.. None
IE_TRACE:                         12:35:52.649132 return     421 SOURCE IS UNAVAILABLE
IE_TRACE:                         Return value:.. None
IE_TRACE:                         Starting var:.. ref = <weakref at 0x7ec89cc1dc60; dead>
IE_TRACE:                         Starting var:.. name = 'encodings.idna'
IE_TRACE:                         12:35:52.649156 call       445 SOURCE IS UNAVAILABLE
IE_TRACE:                         12:35:52.649183 line       446 SOURCE IS UNAVAILABLE
IE_TRACE:                         12:35:52.649203 line       447 SOURCE IS UNAVAILABLE
IE_TRACE:                         12:35:52.649220 line       451 SOURCE IS UNAVAILABLE
IE_TRACE:                         12:35:52.649236 line       452 SOURCE IS UNAVAILABLE
IE_TRACE:                         12:35:52.649251 line       454 SOURCE IS UNAVAILABLE
IE_TRACE:                         12:35:52.649267 return     454 SOURCE IS UNAVAILABLE
IE_TRACE:                         Return value:.. None
IE_TRACE:                     12:35:52.649290 return    1357 SOURCE IS UNAVAILABLE
IE_TRACE:                     Return value:.. <module 'encodings.idna' from '/usr/lib/python3.12/encodings/idna.py'>
IE_TRACE:             Source path:... /path/to/.venv/lib/python3.12/site-packages/w3lib/url.py
IE_TRACE:             Modified var:.. netloc_bytes = b'www.example.com'
IE_TRACE:             12:35:52.651020 line       170     if port is not None:
IE_TRACE:             12:35:52.651062 line       174     netloc = netloc_bytes.decode()
IE_TRACE:             New var:....... netloc = 'www.example.com'
IE_TRACE:             12:35:52.651090 line       177     if quote_path:
IE_TRACE:             12:35:52.651121 line       178         path = quote(parts.path.encode(path_encoding), _PATH_SAFEST_CHARS)
IE_TRACE:             Source path:... /path/to/.venv/lib/python3.12/site-packages/w3lib/url.py
IE_TRACE:             New var:....... path = '/page.html'
IE_TRACE:             12:35:52.653187 line       182     if parts.scheme in _SPECIAL_SCHEMES:
IE_TRACE:             12:35:52.653311 line       183         query = quote(parts.query.encode(encoding), _SPECIAL_QUERY_SAFEST_CHARS)
IE_TRACE:             Source path:... /path/to/.venv/lib/python3.12/site-packages/w3lib/url.py
IE_TRACE:             New var:....... query = ''
IE_TRACE:             12:35:52.653601 line       187     return urlunsplit(
IE_TRACE:             12:35:52.653643 line       189             parts.scheme,
IE_TRACE:             12:35:52.653672 line       190             netloc,
IE_TRACE:             12:35:52.653699 line       191             path,
IE_TRACE:             12:35:52.653725 line       192             query,
IE_TRACE:             12:35:52.653751 line       193             quote(parts.fragment.encode(encoding), _FRAGMENT_SAFEST_CHARS),
IE_TRACE:             Source path:... /path/to/.venv/lib/python3.12/site-packages/w3lib/url.py
IE_TRACE:             12:35:52.653980 line       188         (
IE_TRACE:             12:35:52.654011 line       187     return urlunsplit(
IE_TRACE:             Source path:... /path/to/.venv/lib/python3.12/site-packages/w3lib/url.py
IE_TRACE:             12:35:52.654599 return     187     return urlunsplit(
IE_TRACE:             Return value:.. 'http://www.example.com/page.html'
IE_TRACE:             Source path:... /path/to/BugsInPy/workspace/scrapy/scrapy/utils/url.py
IE_TRACE:             Starting var:.. url = 'http://www.example.com/page.html'
IE_TRACE:             12:35:52.654641 call        88 def escape_ajax(url):
IE_TRACE:             12:35:52.654730 line       111     defrag, frag = urldefrag(url)
IE_TRACE:             Source path:... /path/to/BugsInPy/workspace/scrapy/scrapy/utils/url.py
IE_TRACE:             New var:....... defrag = 'http://www.example.com/page.html'
IE_TRACE:             New var:....... frag = ''
IE_TRACE:             12:35:52.655101 line       112     if not frag.startswith('!'):
IE_TRACE:             12:35:52.655126 line       113         return url
IE_TRACE:             12:35:52.655139 return     113         return url
IE_TRACE:             Return value:.. 'http://www.example.com/page.html'
IE_TRACE:         Source path:... /path/to/BugsInPy/workspace/scrapy/scrapy/http/request/__init__.py
IE_TRACE:         Modified var:.. self = <GET http://www.example.com/page.html>
IE_TRACE:         12:35:52.655157 line        56         if ':' not in self._url:
IE_TRACE:         12:35:52.655181 return      56         if ':' not in self._url:
IE_TRACE:         Return value:.. None
IE_TRACE:     Modified var:.. self = <GET http://www.example.com/page.html>
IE_TRACE:     12:35:52.655207 line        26         self._set_body(body)
IE_TRACE:         Starting var:.. self = <GET http://www.example.com/page.html>
IE_TRACE:         Starting var:.. body = None
IE_TRACE:         12:35:52.655242 call        64     def _set_body(self, body):
IE_TRACE:         12:35:52.655263 line        65         if body is None:
IE_TRACE:         12:35:52.655275 line        66             self._body = b''
IE_TRACE:         12:35:52.655287 return      66             self._body = b''
IE_TRACE:         Return value:.. None
IE_TRACE:     12:35:52.655303 line        27         assert isinstance(priority, int), "Request priority not an integer: %r" % priority
IE_TRACE:     12:35:52.655328 line        28         self.priority = priority
IE_TRACE:     12:35:52.655351 line        30         assert callback or not errback, "Cannot use errback without a callback"
IE_TRACE:     12:35:52.655373 line        31         self.callback = callback
IE_TRACE:     12:35:52.655395 line        32         self.errback = errback
IE_TRACE:     12:35:52.655417 line        34         self.cookies = cookies or {}
IE_TRACE:     12:35:52.655439 line        35         self.headers = Headers(headers or {}, encoding=encoding)
IE_TRACE:         Source path:... /path/to/BugsInPy/workspace/scrapy/scrapy/http/headers.py
IE_TRACE:         Starting var:.. self = {}
IE_TRACE:         Starting var:.. seq = {'Content-Type': 'text/html'}
IE_TRACE:         Starting var:.. encoding = 'utf-8'
IE_TRACE:         Starting var:.. __class__ = <class 'scrapy.http.headers.Headers'>
IE_TRACE:         12:35:52.655465 call         9     def __init__(self, seq=None, encoding='utf-8'):
IE_TRACE:         12:35:52.655532 line        10         self.encoding = encoding
IE_TRACE:         12:35:52.655549 line        11         super(Headers, self).__init__(seq)
IE_TRACE:             Source path:... /path/to/BugsInPy/workspace/scrapy/scrapy/utils/datatypes.py
IE_TRACE:             Starting var:.. self = {}
IE_TRACE:             Starting var:.. seq = {'Content-Type': 'text/html'}
IE_TRACE:             Starting var:.. __class__ = <class 'scrapy.utils.datatypes.CaselessDict'>
IE_TRACE:             12:35:52.655567 call       190     def __init__(self, seq=None):
IE_TRACE:             12:35:52.655631 line       191         super(CaselessDict, self).__init__()
IE_TRACE:             12:35:52.655646 line       192         if seq:
IE_TRACE:             12:35:52.655659 line       193             self.update(seq)
IE_TRACE:                 Starting var:.. self = {}
IE_TRACE:                 Starting var:.. seq = {'Content-Type': 'text/html'}
IE_TRACE:                 Starting var:.. __class__ = <class 'scrapy.utils.datatypes.CaselessDict'>
IE_TRACE:                 12:35:52.655676 call       226     def update(self, seq):
IE_TRACE:                 12:35:52.655703 line       227         seq = seq.items() if isinstance(seq, dict) else seq
IE_TRACE:                 Modified var:.. seq = dict_items([('Content-Type', 'text/html')])
IE_TRACE:                 12:35:52.655718 line       228         iseq = ((self.normkey(k), self.normvalue(v)) for k, v in seq)
IE_TRACE:                 New var:....... iseq = <generator object CaselessDict.update.<locals>.<genexpr> at 0x7ec89cdd0b80>
IE_TRACE:                 12:35:52.655740 line       229         super(CaselessDict, self).update(iseq)
IE_TRACE:                     Starting var:.. .0 = <dict_itemiterator object at 0x7ec89cc50bd0>
IE_TRACE:                     Starting var:.. self = {}
IE_TRACE:                     12:35:52.655764 call       228         iseq = ((self.normkey(k), self.normvalue(v)) for k, v in seq)
IE_TRACE:                     12:35:52.655787 line       228         iseq = ((self.normkey(k), self.normvalue(v)) for k, v in seq)
IE_TRACE:                         Source path:... /path/to/BugsInPy/workspace/scrapy/scrapy/http/headers.py
IE_TRACE:                         Starting var:.. self = {}
IE_TRACE:                         Starting var:.. key = 'Content-Type'
IE_TRACE:                         12:35:52.655803 call        13     def normkey(self, key):
IE_TRACE:                         12:35:52.655827 line        15         return self._tobytes(key.title())
IE_TRACE:                             Starting var:.. self = {}
IE_TRACE:                             Starting var:.. x = 'Content-Type'
IE_TRACE:                             12:35:52.655846 call        28     def _tobytes(self, x):
IE_TRACE:                             12:35:52.655866 line        29         if isinstance(x, bytes):
IE_TRACE:                             12:35:52.655879 line        31         elif isinstance(x, six.text_type):
IE_TRACE:                             12:35:52.655892 line        32             return x.encode(self.encoding)
IE_TRACE:                             12:35:52.655904 return      32             return x.encode(self.encoding)
IE_TRACE:                             Return value:.. b'Content-Type'
IE_TRACE:                         12:35:52.655924 return      15         return self._tobytes(key.title())
IE_TRACE:                         Return value:.. b'Content-Type'
IE_TRACE:                         Starting var:.. self = {}
IE_TRACE:                         Starting var:.. value = 'text/html'
IE_TRACE:                         12:35:52.655945 call        17     def normvalue(self, value):
IE_TRACE:                         12:35:52.655970 line        19         if value is None:
IE_TRACE:                         12:35:52.655988 line        21         elif isinstance(value, (six.text_type, bytes)):
IE_TRACE:                         12:35:52.656018 line        22             value = [value]
IE_TRACE:                         Modified var:.. value = ['text/html']
IE_TRACE:                         12:35:52.656038 line        26         return [self._tobytes(x) for x in value]
IE_TRACE:                             Starting var:.. self = {}
IE_TRACE:                             Starting var:.. x = 'text/html'
IE_TRACE:                             12:35:52.656065 call        28     def _tobytes(self, x):
IE_TRACE:                             12:35:52.656086 line        29         if isinstance(x, bytes):
IE_TRACE:                             12:35:52.656099 line        31         elif isinstance(x, six.text_type):
IE_TRACE:                             12:35:52.656111 line        32             return x.encode(self.encoding)
IE_TRACE:                             12:35:52.656124 return      32             return x.encode(self.encoding)
IE_TRACE:                             Return value:.. b'text/html'
IE_TRACE:                         New var:....... x = 'text/html'
IE_TRACE:                         12:35:52.656142 line        26         return [self._tobytes(x) for x in value]
IE_TRACE:                         12:35:52.656160 return      26         return [self._tobytes(x) for x in value]
IE_TRACE:                         Return value:.. [b'text/html']
IE_TRACE:                     Source path:... /path/to/BugsInPy/workspace/scrapy/scrapy/utils/datatypes.py
IE_TRACE:                     New var:....... k = 'Content-Type'
IE_TRACE:                     New var:....... v = 'text/html'
IE_TRACE:                     12:35:52.656177 return     228         iseq = ((self.normkey(k), self.normvalue(v)) for k, v in seq)
IE_TRACE:                     Return value:.. (b'Content-Type', [b'text/html'])
IE_TRACE:                     Starting var:.. .0 = <dict_itemiterator object at 0x7ec89cc50bd0>
IE_TRACE:                     Starting var:.. k = 'Content-Type'
IE_TRACE:                     Starting var:.. v = 'text/html'
IE_TRACE:                     Starting var:.. self = {b'Content-Type': [b'text/html']}
IE_TRACE:                     12:35:52.656220 call       228         iseq = ((self.normkey(k), self.normvalue(v)) for k, v in seq)
IE_TRACE:                     12:35:52.656249 line       228         iseq = ((self.normkey(k), self.normvalue(v)) for k, v in seq)
IE_TRACE:                     12:35:52.656265 return     228         iseq = ((self.normkey(k), self.normvalue(v)) for k, v in seq)
IE_TRACE:                     Return value:.. None
IE_TRACE:                 Modified var:.. self = {b'Content-Type': [b'text/html']}
IE_TRACE:                 12:35:52.656286 return     229         super(CaselessDict, self).update(iseq)
IE_TRACE:                 Return value:.. None
IE_TRACE:             Modified var:.. self = {b'Content-Type': [b'text/html']}
IE_TRACE:             12:35:52.656312 return     193             self.update(seq)
IE_TRACE:             Return value:.. None
IE_TRACE:         Source path:... /path/to/BugsInPy/workspace/scrapy/scrapy/http/headers.py
IE_TRACE:         Modified var:.. self = {b'Content-Type': [b'text/html']}
IE_TRACE:         12:35:52.656334 return      11         super(Headers, self).__init__(seq)
IE_TRACE:         Return value:.. None
IE_TRACE:     Source path:... /path/to/BugsInPy/workspace/scrapy/scrapy/http/request/__init__.py
IE_TRACE:     12:35:52.656362 line        36         self.dont_filter = dont_filter
IE_TRACE:     12:35:52.656393 line        38         self._meta = dict(meta) if meta else None
IE_TRACE:     12:35:52.656418 return      38         self._meta = dict(meta) if meta else None
IE_TRACE:     Return value:.. None
IE_TRACE: Source path:... /path/to/BugsInPy/workspace/scrapy/tests/test_http_cookies.py
IE_TRACE: 12:35:52.656448 line        17         self.wrapped = WrappedRequest(self.request)
IE_TRACE:     Source path:... /path/to/BugsInPy/workspace/scrapy/scrapy/http/cookies.py
IE_TRACE:     Starting var:.. self = <scrapy.http.cookies.WrappedRequest object at 0x7ec89d097ec0>
IE_TRACE:     Starting var:.. request = <GET http://www.example.com/page.html>
IE_TRACE:     12:35:52.656473 call       119     def __init__(self, request):
IE_TRACE:     12:35:52.656536 line       120         self.request = request
IE_TRACE:     12:35:52.656549 return     120         self.request = request
IE_TRACE:     Return value:.. None
IE_TRACE: Source path:... /path/to/BugsInPy/workspace/scrapy/tests/test_http_cookies.py
IE_TRACE: 12:35:52.656565 return      17         self.wrapped = WrappedRequest(self.request)
IE_TRACE: Return value:.. None
IE_TRACE: Elapsed time: 00:00:00.028049
IE_TRACE: Source path:... /path/to/BugsInPy/workspace/scrapy/tests/test_http_cookies.py
IE_TRACE: Starting var:.. self = <tests.test_http_cookies.WrappedRequestTest testMethod=test_get_full_url>
IE_TRACE: 12:35:52.656696 call        20     def test_get_full_url(self):
IE_TRACE: 12:35:52.656725 line        21         self.assertEqual(self.wrapped.get_full_url(), self.request.url)
IE_TRACE:     Source path:... /path/to/BugsInPy/workspace/scrapy/scrapy/http/cookies.py
IE_TRACE:     Starting var:.. self = <scrapy.http.cookies.WrappedRequest object at 0x7ec89d097ec0>
IE_TRACE:     12:35:52.656740 call       122     def get_full_url(self):
IE_TRACE:     12:35:52.656760 line       123         return self.request.url
IE_TRACE:         Source path:... /path/to/BugsInPy/workspace/scrapy/scrapy/http/request/__init__.py
IE_TRACE:         Starting var:.. self = <GET http://www.example.com/page.html>
IE_TRACE:         12:35:52.656771 call        46     def _get_url(self):
IE_TRACE:         12:35:52.656789 line        47         return self._url
IE_TRACE:         12:35:52.656799 return      47         return self._url
IE_TRACE:         Return value:.. 'http://www.example.com/page.html'
IE_TRACE:     Source path:... /path/to/BugsInPy/workspace/scrapy/scrapy/http/cookies.py
IE_TRACE:     12:35:52.656814 return     123         return self.request.url
IE_TRACE:     Return value:.. 'http://www.example.com/page.html'
IE_TRACE:     Source path:... /path/to/BugsInPy/workspace/scrapy/scrapy/http/request/__init__.py
IE_TRACE:     Starting var:.. self = <GET http://www.example.com/page.html>
IE_TRACE:     12:35:52.656833 call        46     def _get_url(self):
IE_TRACE:     12:35:52.656850 line        47         return self._url
IE_TRACE:     12:35:52.656859 return      47         return self._url
IE_TRACE:     Return value:.. 'http://www.example.com/page.html'
IE_TRACE: Source path:... /path/to/BugsInPy/workspace/scrapy/tests/test_http_cookies.py
IE_TRACE: 12:35:52.657458 line        22         self.assertEqual(self.wrapped.full_url, self.request.url)
IE_TRACE: 12:35:52.657475 exception   22         self.assertEqual(self.wrapped.full_url, self.request.url)
IE_TRACE: Exception:..... AttributeError: 'WrappedRequest' object has no attribute 'full_url'
IE_TRACE: Call ended by exception
IE_TRACE: Elapsed time: 00:00:00.001244
======================================================================
ERROR: test_get_full_url (tests.test_http_cookies.WrappedRequestTest.test_get_full_url)
----------------------------------------------------------------------
Traceback (most recent call last):
  File "/path/to/.venv/lib/python3.12/site-packages/pysnooper/tracer.py", line 320, in simple_wrapper
    return function(*args, **kwargs)
           ^^^^^^^^^^^^^^^^^^^^^^^^^
  File "/path/to/BugsInPy/workspace/scrapy/tests/test_http_cookies.py", line 22, in test_get_full_url
    self.assertEqual(self.wrapped.full_url, self.request.url)
                     ^^^^^^^^^^^^^^^^^^^^^
AttributeError: 'WrappedRequest' object has no attribute 'full_url'

----------------------------------------------------------------------
Ran 1 test in 0.030s

FAILED (errors=1)


Exit code: 1
