Cleared: /path/to/results/youtube-dl/bug14
Running: python -m unittest -q test.test_youtube_chapters.TestYoutubeChapters.test_youtube_chapters
Workdir: /path/to/BugsInPy/workspace/youtube-dl
PYTHONPATH: /path/to/BugsInPy/workspace/youtube-dl
IE_TRACE: Source path:... /path/to/BugsInPy/workspace/youtube-dl/test/test_youtube_chapters.py
IE_TRACE: Starting var:.. self = <test.test_youtube_chapters.TestYoutubeChapters testMethod=test_youtube_chapters>
IE_TRACE: 15:03:46.016813 call       269     def test_youtube_chapters(self):
IE_TRACE: 15:03:46.016985 line       270         for description, duration, expected_chapters in self._TEST_CASES:
IE_TRACE: New var:....... description = 'This is the absolute ULTIMATE experience of Queen\'s set at LIVE AID, this is the best video mixed to the absolutely superior stereo radio broadcast. This vastly superior audio mix takes a huge dump on all of the official mixes. Best viewed in 108...oses such as criticism, comment, news reporting, teaching, scholarship, and research. Fair use is a use permitted by copyright statute that might otherwise be infringing. Non-profit, educational or personal use tips the balance in favor of fair use'
IE_TRACE: New var:....... duration = 1477
IE_TRACE: New var:....... expected_chapters = [{'start_time': 36, 'end_time': 162, 'title': 'Bohemian Rhapsody'}, {'start_time': 162, 'end_time': 413, 'title': 'Radio Ga Ga'}, {'start_time': 413, 'end_time': 454, 'title': 'Ay Oh!'}, {'start_time': 454, 'end_time': 728, 'title': 'Hammer To Fall...le Thing Called Love'}, {'start_time': 963, 'end_time': 1038, 'title': 'We Will Rock You'}, {'start_time': 1038, 'end_time': 1272, 'title': 'We Are The Champions'}, {'start_time': 1272, 'end_time': 1477, 'title': 'Is This The World We Created...?'}]
IE_TRACE: 15:03:46.017007 line       271             ie = YoutubeIE()
IE_TRACE:     Source path:... /path/to/BugsInPy/workspace/youtube-dl/youtube_dl/extractor/youtube.py
IE_TRACE:     Starting var:.. self = <youtube_dl.extractor.youtube.YoutubeIE object at 0x7a446c936630>
IE_TRACE:     Starting var:.. args = ()
IE_TRACE:     Starting var:.. kwargs = {}
IE_TRACE:     Starting var:.. __class__ = <class 'youtube_dl.extractor.youtube.YoutubeIE'>
IE_TRACE:     15:03:46.017067 call      1264     def __init__(self, *args, **kwargs):
IE_TRACE:     15:03:46.017473 line      1265         super(YoutubeIE, self).__init__(*args, **kwargs)
IE_TRACE:         Source path:... /path/to/BugsInPy/workspace/youtube-dl/youtube_dl/extractor/common.py
IE_TRACE:         Starting var:.. self = <youtube_dl.extractor.youtube.YoutubeIE object at 0x7a446c936630>
IE_TRACE:         Starting var:.. downloader = None
IE_TRACE:         15:03:46.017495 call       396     def __init__(self, downloader=None):
IE_TRACE:         15:03:46.017752 line       398         self._ready = False
IE_TRACE:         15:03:46.017765 line       399         self._x_forwarded_for_ip = None
IE_TRACE:         15:03:46.017776 line       400         self.set_downloader(downloader)
IE_TRACE:             Starting var:.. self = <youtube_dl.extractor.youtube.YoutubeIE object at 0x7a446c936630>
IE_TRACE:             Starting var:.. downloader = None
IE_TRACE:             15:03:46.017787 call       560     def set_downloader(self, downloader):
IE_TRACE:             15:03:46.017803 line       562         self._downloader = downloader
IE_TRACE:             15:03:46.017812 return     562         self._downloader = downloader
IE_TRACE:             Return value:.. None
IE_TRACE:         15:03:46.017829 return     400         self.set_downloader(downloader)
IE_TRACE:         Return value:.. None
IE_TRACE:     Source path:... /path/to/BugsInPy/workspace/youtube-dl/youtube_dl/extractor/youtube.py
IE_TRACE:     15:03:46.017844 line      1266         self._player_cache = {}
IE_TRACE:     15:03:46.017861 return    1266         self._player_cache = {}
IE_TRACE:     Return value:.. None
IE_TRACE: Source path:... /path/to/BugsInPy/workspace/youtube-dl/test/test_youtube_chapters.py
IE_TRACE: New var:....... ie = <youtube_dl.extractor.youtube.YoutubeIE object at 0x7a446c936630>
IE_TRACE: 15:03:46.017876 line       272             expect_value(
IE_TRACE: 15:03:46.017917 line       273                 self, ie._extract_chapters_from_description(description, duration),
IE_TRACE: 15:03:46.017945 exception  273                 self, ie._extract_chapters_from_description(description, duration),
IE_TRACE: Exception:..... AttributeError: 'YoutubeIE' object has no attribute '_extract_chapters_from_description'
IE_TRACE: Call ended by exception
IE_TRACE: Elapsed time: 00:00:00.003122
======================================================================
ERROR: test_youtube_chapters (test.test_youtube_chapters.TestYoutubeChapters.test_youtube_chapters)
----------------------------------------------------------------------
Traceback (most recent call last):
  File "/path/to/.venv/lib/python3.12/site-packages/pysnooper/tracer.py", line 320, in simple_wrapper
    return function(*args, **kwargs)
           ^^^^^^^^^^^^^^^^^^^^^^^^^
  File "/path/to/BugsInPy/workspace/youtube-dl/test/test_youtube_chapters.py", line 273, in test_youtube_chapters
    self, ie._extract_chapters_from_description(description, duration),
          ^^^^^^^^^^^^^^^^^^^^^^^^^^^^^^^^^^^^^
AttributeError: 'YoutubeIE' object has no attribute '_extract_chapters_from_description'

----------------------------------------------------------------------
Ran 1 test in 0.005s

FAILED (errors=1)


Exit code: 1
