Cleared: /path/to/results/youtube-dl/bug3
Running: python -m unittest -q test.test_utils.TestUtil.test_unescape_html
Workdir: /path/to/BugsInPy/workspace/youtube-dl
PYTHONPATH: /path/to/BugsInPy/workspace/youtube-dl
/path/to/BugsInPy/workspace/youtube-dl/youtube_dl/extractor/megaphone.py:21: SyntaxWarning: invalid escape sequence '\.'
  'thumbnail': 're:^https://.*\.png.*$',
/path/to/BugsInPy/workspace/youtube-dl/youtube_dl/extractor/pandatv.py:39: SyntaxWarning: "is not" with 'int' literal. Did you mean "!="?
  if error_code is not 0:
IE_TRACE: Source path:... /path/to/BugsInPy/workspace/youtube-dl/test/test_utils.py
IE_TRACE: Starting var:.. self = <test.test_utils.TestUtil testMethod=test_unescape_html>
IE_TRACE: 14:59:04.075983 call       279     def test_unescape_html(self):
IE_TRACE: 14:59:04.076241 line       280         self.assertEqual(unescapeHTML('%20;'), '%20;')
IE_TRACE:     Source path:... /path/to/BugsInPy/workspace/youtube-dl/youtube_dl/utils.py
IE_TRACE:     Starting var:.. s = '%20;'
IE_TRACE:     14:59:04.076271 call       593 def unescapeHTML(s):
IE_TRACE:     14:59:04.076515 line       594     if s is None:
IE_TRACE:     14:59:04.076529 line       596     assert type(s) == compat_str
IE_TRACE:     14:59:04.076540 line       598     return re.sub(
IE_TRACE:     14:59:04.076550 line       599         r'&([^;]+;)', lambda m: _htmlentity_transform(m.group(1)), s)
IE_TRACE:     14:59:04.076559 line       598     return re.sub(
IE_TRACE:     Source path:... /path/to/BugsInPy/workspace/youtube-dl/youtube_dl/utils.py
IE_TRACE:     14:59:04.095855 return     598     return re.sub(
IE_TRACE:     Return value:.. '%20;'
IE_TRACE: Source path:... /path/to/BugsInPy/workspace/youtube-dl/test/test_utils.py
IE_TRACE: 14:59:04.096397 line       281         self.assertEqual(unescapeHTML('&#x2F;'), '/')
IE_TRACE:     Source path:... /path/to/BugsInPy/workspace/youtube-dl/youtube_dl/utils.py
IE_TRACE:     Starting var:.. s = '&#x2F;'
IE_TRACE:     14:59:04.096412 call       593 def unescapeHTML(s):
IE_TRACE:     14:59:04.096428 line       594     if s is None:
IE_TRACE:     14:59:04.096435 line       596     assert type(s) == compat_str
IE_TRACE:     14:59:04.096444 line       598     return re.sub(
IE_TRACE:     14:59:04.096452 line       599         r'&([^;]+;)', lambda m: _htmlentity_transform(m.group(1)), s)
IE_TRACE:     14:59:04.096460 line       598     return re.sub(
IE_TRACE:             Source path:... /path/to/BugsInPy/workspace/youtube-dl/youtube_dl/utils.py
IE_TRACE:             Starting var:.. m = <re.Match object; span=(0, 6), match='&#x2F;'>
IE_TRACE:             14:59:04.096577 call       599         r'&([^;]+;)', lambda m: _htmlentity_transform(m.group(1)), s)
IE_TRACE:             14:59:04.096597 line       599         r'&([^;]+;)', lambda m: _htmlentity_transform(m.group(1)), s)
IE_TRACE:                 Starting var:.. entity_with_semicolon = '#x2F;'
IE_TRACE:                 14:59:04.096611 call       562 def _htmlentity_transform(entity_with_semicolon):
IE_TRACE:                 14:59:04.096624 line       564     entity = entity_with_semicolon[:-1]
IE_TRACE:                 New var:....... entity = '#x2F'
IE_TRACE:                 14:59:04.096634 line       567     if entity in compat_html_entities.name2codepoint:
IE_TRACE:                 14:59:04.096648 line       572     if entity_with_semicolon in compat_html_entities_html5:
IE_TRACE:                 14:59:04.096659 line       575     mobj = re.match(r'#(x[0-9a-fA-F]+|[0-9]+)', entity)
IE_TRACE:                 Source path:... /path/to/BugsInPy/workspace/youtube-dl/youtube_dl/utils.py
IE_TRACE:                 New var:....... mobj = <re.Match object; span=(0, 4), match='#x2F'>
IE_TRACE:                 14:59:04.104269 line       576     if mobj is not None:
IE_TRACE:                 14:59:04.104288 line       577         numstr = mobj.group(1)
IE_TRACE:                 New var:....... numstr = 'x2F'
IE_TRACE:                 14:59:04.104299 line       578         if numstr.startswith('x'):
IE_TRACE:                 14:59:04.104314 line       579             base = 16
IE_TRACE:                 New var:....... base = 16
IE_TRACE:                 14:59:04.104326 line       580             numstr = '0%s' % numstr
IE_TRACE:                 Modified var:.. numstr = '0x2F'
IE_TRACE:                 14:59:04.104343 line       584         try:
IE_TRACE:                 14:59:04.104358 line       585             return compat_chr(int(numstr, base))
IE_TRACE:                 14:59:04.104371 return     585             return compat_chr(int(numstr, base))
IE_TRACE:                 Return value:.. '/'
IE_TRACE:             14:59:04.104388 return     599         r'&([^;]+;)', lambda m: _htmlentity_transform(m.group(1)), s)
IE_TRACE:             Return value:.. '/'
IE_TRACE:     Source path:... /path/to/BugsInPy/workspace/youtube-dl/youtube_dl/utils.py
IE_TRACE:     14:59:04.104423 return     598     return re.sub(
IE_TRACE:     Return value:.. '/'
IE_TRACE: Source path:... /path/to/BugsInPy/workspace/youtube-dl/test/test_utils.py
IE_TRACE: 14:59:04.104812 line       282         self.assertEqual(unescapeHTML('&#47;'), '/')
IE_TRACE:     Source path:... /path/to/BugsInPy/workspace/youtube-dl/youtube_dl/utils.py
IE_TRACE:     Starting var:.. s = '&#47;'
IE_TRACE:     14:59:04.104826 call       593 def unescapeHTML(s):
IE_TRACE:     14:59:04.104841 line       594     if s is None:
IE_TRACE:     14:59:04.104849 line       596     assert type(s) == compat_str
IE_TRACE:     14:59:04.104856 line       598     return re.sub(
IE_TRACE:     14:59:04.104864 line       599         r'&([^;]+;)', lambda m: _htmlentity_transform(m.group(1)), s)
IE_TRACE:     14:59:04.104871 line       598     return re.sub(
IE_TRACE:             Source path:... /path/to/BugsInPy/workspace/youtube-dl/youtube_dl/utils.py
IE_TRACE:             Starting var:.. m = <re.Match object; span=(0, 5), match='&#47;'>
IE_TRACE:             14:59:04.104982 call       599         r'&([^;]+;)', lambda m: _htmlentity_transform(m.group(1)), s)
IE_TRACE:             14:59:04.104996 line       599         r'&([^;]+;)', lambda m: _htmlentity_transform(m.group(1)), s)
IE_TRACE:                 Starting var:.. entity_with_semicolon = '#47;'
IE_TRACE:                 14:59:04.105005 call       562 def _htmlentity_transform(entity_with_semicolon):
IE_TRACE:                 14:59:04.105017 line       564     entity = entity_with_semicolon[:-1]
IE_TRACE:                 New var:....... entity = '#47'
IE_TRACE:                 14:59:04.105026 line       567     if entity in compat_html_entities.name2codepoint:
IE_TRACE:                 14:59:04.105039 line       572     if entity_with_semicolon in compat_html_entities_html5:
IE_TRACE:                 14:59:04.105050 line       575     mobj = re.match(r'#(x[0-9a-fA-F]+|[0-9]+)', entity)
IE_TRACE:                 Source path:... /path/to/BugsInPy/workspace/youtube-dl/youtube_dl/utils.py
IE_TRACE:                 New var:....... mobj = <re.Match object; span=(0, 3), match='#47'>
IE_TRACE:                 14:59:04.105168 line       576     if mobj is not None:
IE_TRACE:                 14:59:04.105184 line       577         numstr = mobj.group(1)
IE_TRACE:                 New var:....... numstr = '47'
IE_TRACE:                 14:59:04.105194 line       578         if numstr.startswith('x'):
IE_TRACE:                 14:59:04.105209 line       582             base = 10
IE_TRACE:                 New var:....... base = 10
IE_TRACE:                 14:59:04.105221 line       584         try:
IE_TRACE:                 14:59:04.105235 line       585             return compat_chr(int(numstr, base))
IE_TRACE:                 14:59:04.105247 return     585             return compat_chr(int(numstr, base))
IE_TRACE:                 Return value:.. '/'
IE_TRACE:             14:59:04.105263 return     599         r'&([^;]+;)', lambda m: _htmlentity_transform(m.group(1)), s)
IE_TRACE:             Return value:.. '/'
IE_TRACE:     Source path:... /path/to/BugsInPy/workspace/youtube-dl/youtube_dl/utils.py
IE_TRACE:     14:59:04.105293 return     598     return re.sub(
IE_TRACE:     Return value:.. '/'
IE_TRACE: Source path:... /path/to/BugsInPy/workspace/youtube-dl/test/test_utils.py
IE_TRACE: 14:59:04.105648 line       283         self.assertEqual(unescapeHTML('&eacute;'), 'é')
IE_TRACE:     Source path:... /path/to/BugsInPy/workspace/youtube-dl/youtube_dl/utils.py
IE_TRACE:     Starting var:.. s = '&eacute;'
IE_TRACE:     14:59:04.105662 call       593 def unescapeHTML(s):
IE_TRACE:     14:59:04.105675 line       594     if s is None:
IE_TRACE:     14:59:04.105683 line       596     assert type(s) == compat_str
IE_TRACE:     14:59:04.105690 line       598     return re.sub(
IE_TRACE:     14:59:04.105698 line       599         r'&([^;]+;)', lambda m: _htmlentity_transform(m.group(1)), s)
IE_TRACE:     14:59:04.105705 line       598     return re.sub(
IE_TRACE:             Source path:... /path/to/BugsInPy/workspace/youtube-dl/youtube_dl/utils.py
IE_TRACE:             Starting var:.. m = <re.Match object; span=(0, 8), match='&eacute;'>
IE_TRACE:             14:59:04.105811 call       599         r'&([^;]+;)', lambda m: _htmlentity_transform(m.group(1)), s)
IE_TRACE:             14:59:04.105825 line       599         r'&([^;]+;)', lambda m: _htmlentity_transform(m.group(1)), s)
IE_TRACE:                 Starting var:.. entity_with_semicolon = 'eacute;'
IE_TRACE:                 14:59:04.105834 call       562 def _htmlentity_transform(entity_with_semicolon):
IE_TRACE:                 14:59:04.105846 line       564     entity = entity_with_semicolon[:-1]
IE_TRACE:                 New var:....... entity = 'eacute'
IE_TRACE:                 14:59:04.105855 line       567     if entity in compat_html_entities.name2codepoint:
IE_TRACE:                 14:59:04.105869 line       568         return compat_chr(compat_html_entities.name2codepoint[entity])
IE_TRACE:                 14:59:04.105879 return     568         return compat_chr(compat_html_entities.name2codepoint[entity])
IE_TRACE:                 Return value:.. 'é'
IE_TRACE:             14:59:04.105894 return     599         r'&([^;]+;)', lambda m: _htmlentity_transform(m.group(1)), s)
IE_TRACE:             Return value:.. 'é'
IE_TRACE:     Source path:... /path/to/BugsInPy/workspace/youtube-dl/youtube_dl/utils.py
IE_TRACE:     14:59:04.105925 return     598     return re.sub(
IE_TRACE:     Return value:.. 'é'
IE_TRACE: Source path:... /path/to/BugsInPy/workspace/youtube-dl/test/test_utils.py
IE_TRACE: 14:59:04.106275 line       284         self.assertEqual(unescapeHTML('&#2013266066;'), '&#2013266066;')
IE_TRACE:     Source path:... /path/to/BugsInPy/workspace/youtube-dl/youtube_dl/utils.py
IE_TRACE:     Starting var:.. s = '&#2013266066;'
IE_TRACE:     14:59:04.106287 call       593 def unescapeHTML(s):
IE_TRACE:     14:59:04.106300 line       594     if s is None:
IE_TRACE:     14:59:04.106307 line       596     assert type(s) == compat_str
IE_TRACE:     14:59:04.106315 line       598     return re.sub(
IE_TRACE:     14:59:04.106322 line       599         r'&([^;]+;)', lambda m: _htmlentity_transform(m.group(1)), s)
IE_TRACE:     14:59:04.106329 line       598     return re.sub(
IE_TRACE:             Source path:... /path/to/BugsInPy/workspace/youtube-dl/youtube_dl/utils.py
IE_TRACE:             Starting var:.. m = <re.Match object; span=(0, 13), match='&#2013266066;'>
IE_TRACE:             14:59:04.106437 call       599         r'&([^;]+;)', lambda m: _htmlentity_transform(m.group(1)), s)
IE_TRACE:             14:59:04.106450 line       599         r'&([^;]+;)', lambda m: _htmlentity_transform(m.group(1)), s)
IE_TRACE:                 Starting var:.. entity_with_semicolon = '#2013266066;'
IE_TRACE:                 14:59:04.106459 call       562 def _htmlentity_transform(entity_with_semicolon):
IE_TRACE:                 14:59:04.106472 line       564     entity = entity_with_semicolon[:-1]
IE_TRACE:                 New var:....... entity = '#2013266066'
IE_TRACE:                 14:59:04.106481 line       567     if entity in compat_html_entities.name2codepoint:
IE_TRACE:                 14:59:04.106494 line       572     if entity_with_semicolon in compat_html_entities_html5:
IE_TRACE:                 14:59:04.106504 line       575     mobj = re.match(r'#(x[0-9a-fA-F]+|[0-9]+)', entity)
IE_TRACE:                 Source path:... /path/to/BugsInPy/workspace/youtube-dl/youtube_dl/utils.py
IE_TRACE:                 New var:....... mobj = <re.Match object; span=(0, 11), match='#2013266066'>
IE_TRACE:                 14:59:04.106631 line       576     if mobj is not None:
IE_TRACE:                 14:59:04.106648 line       577         numstr = mobj.group(1)
IE_TRACE:                 New var:....... numstr = '2013266066'
IE_TRACE:                 14:59:04.106658 line       578         if numstr.startswith('x'):
IE_TRACE:                 14:59:04.106673 line       582             base = 10
IE_TRACE:                 New var:....... base = 10
IE_TRACE:                 14:59:04.106684 line       584         try:
IE_TRACE:                 14:59:04.106699 line       585             return compat_chr(int(numstr, base))
IE_TRACE:                 14:59:04.106712 exception  585             return compat_chr(int(numstr, base))
IE_TRACE:                 Exception:..... ValueError: chr() arg not in range(0x110000)
IE_TRACE:                 14:59:04.106755 line       586         except ValueError:
IE_TRACE:                 14:59:04.106769 line       587             pass
IE_TRACE:                 14:59:04.106781 line       590     return '&%s;' % entity
IE_TRACE:                 14:59:04.106793 return     590     return '&%s;' % entity
IE_TRACE:                 Return value:.. '&#2013266066;'
IE_TRACE:             14:59:04.106809 return     599         r'&([^;]+;)', lambda m: _htmlentity_transform(m.group(1)), s)
IE_TRACE:             Return value:.. '&#2013266066;'
IE_TRACE:     Source path:... /path/to/BugsInPy/workspace/youtube-dl/youtube_dl/utils.py
IE_TRACE:     14:59:04.106839 return     598     return re.sub(
IE_TRACE:     Return value:.. '&#2013266066;'
IE_TRACE: Source path:... /path/to/BugsInPy/workspace/youtube-dl/test/test_utils.py
IE_TRACE: 14:59:04.107194 line       285         self.assertEqual(unescapeHTML('&a&quot;'), '&a"')
IE_TRACE:     Source path:... /path/to/BugsInPy/workspace/youtube-dl/youtube_dl/utils.py
IE_TRACE:     Starting var:.. s = '&a&quot;'
IE_TRACE:     14:59:04.107205 call       593 def unescapeHTML(s):
IE_TRACE:     14:59:04.107218 line       594     if s is None:
IE_TRACE:     14:59:04.107226 line       596     assert type(s) == compat_str
IE_TRACE:     14:59:04.107233 line       598     return re.sub(
IE_TRACE:     14:59:04.107241 line       599         r'&([^;]+;)', lambda m: _htmlentity_transform(m.group(1)), s)
IE_TRACE:     14:59:04.107248 line       598     return re.sub(
IE_TRACE:             Source path:... /path/to/BugsInPy/workspace/youtube-dl/youtube_dl/utils.py
IE_TRACE:             Starting var:.. m = <re.Match object; span=(0, 8), match='&a&quot;'>
IE_TRACE:             14:59:04.107355 call       599         r'&([^;]+;)', lambda m: _htmlentity_transform(m.group(1)), s)
IE_TRACE:             14:59:04.107369 line       599         r'&([^;]+;)', lambda m: _htmlentity_transform(m.group(1)), s)
IE_TRACE:                 Starting var:.. entity_with_semicolon = 'a&quot;'
IE_TRACE:                 14:59:04.107378 call       562 def _htmlentity_transform(entity_with_semicolon):
IE_TRACE:                 14:59:04.107389 line       564     entity = entity_with_semicolon[:-1]
IE_TRACE:                 New var:....... entity = 'a&quot'
IE_TRACE:                 14:59:04.107398 line       567     if entity in compat_html_entities.name2codepoint:
IE_TRACE:                 14:59:04.107411 line       572     if entity_with_semicolon in compat_html_entities_html5:
IE_TRACE:                 14:59:04.107421 line       575     mobj = re.match(r'#(x[0-9a-fA-F]+|[0-9]+)', entity)
IE_TRACE:                 Source path:... /path/to/BugsInPy/workspace/youtube-dl/youtube_dl/utils.py
IE_TRACE:                 New var:....... mobj = None
IE_TRACE:                 14:59:04.107540 line       576     if mobj is not None:
IE_TRACE:                 14:59:04.107557 line       590     return '&%s;' % entity
IE_TRACE:                 14:59:04.107568 return     590     return '&%s;' % entity
IE_TRACE:                 Return value:.. '&a&quot;'
IE_TRACE:             14:59:04.107584 return     599         r'&([^;]+;)', lambda m: _htmlentity_transform(m.group(1)), s)
IE_TRACE:             Return value:.. '&a&quot;'
IE_TRACE:     Source path:... /path/to/BugsInPy/workspace/youtube-dl/youtube_dl/utils.py
IE_TRACE:     14:59:04.107613 return     598     return re.sub(
IE_TRACE:     Return value:.. '&a&quot;'
IE_TRACE: Source path:... /path/to/BugsInPy/workspace/youtube-dl/test/test_utils.py
IE_TRACE: 14:59:04.115202 exception  285         self.assertEqual(unescapeHTML('&a&quot;'), '&a"')
IE_TRACE: Exception:..... AssertionError: '&a&quot;' != '&a"'
- &a&quot;
+ &a"
IE_TRACE: Call ended by exception
IE_TRACE: Elapsed time: 00:00:00.039377
======================================================================
FAIL: test_unescape_html (test.test_utils.TestUtil.test_unescape_html)
----------------------------------------------------------------------
Traceback (most recent call last):
  File "/path/to/.venv/lib/python3.12/site-packages/pysnooper/tracer.py", line 320, in simple_wrapper
    return function(*args, **kwargs)
           ^^^^^^^^^^^^^^^^^^^^^^^^^
  File "/path/to/BugsInPy/workspace/youtube-dl/test/test_utils.py", line 285, in test_unescape_html
    self.assertEqual(unescapeHTML('&a&quot;'), '&a"')
AssertionError: '&a&quot;' != '&a"'
- &a&quot;
+ &a"


----------------------------------------------------------------------
Ran 1 test in 0.040s

FAILED (failures=1)


Exit code: 1
