Cleared: /path/to/results/youtube-dl/bug32
Running: python -m unittest -q test.test_utils.TestUtil.test_strip_jsonp
Workdir: /path/to/BugsInPy/workspace/youtube-dl
PYTHONPATH: /path/to/BugsInPy/workspace/youtube-dl
/path/to/BugsInPy/workspace/youtube-dl/youtube_dl/utils.py:675: SyntaxWarning: invalid escape sequence '\d'
  match = re.match('(now|today)(?P<sign>[+-])(?P<time>\d+)(?P<unit>day|week|month|year)(s)?', date_str)
/path/to/BugsInPy/workspace/youtube-dl/youtube_dl/extractor/ard.py:141: SyntaxWarning: invalid escape sequence '\.'
  _VALID_URL = '(?P<mainurl>https?://(www\.)?daserste\.de/[^?#]+/videos/(?P<display_id>[^/?#]+)-(?P<id>[0-9]+))\.html'
/path/to/BugsInPy/workspace/youtube-dl/youtube_dl/extractor/ard.py:152: SyntaxWarning: invalid escape sequence '\.'
  'thumbnail': 're:^https?://.*\.jpg$',
/path/to/BugsInPy/workspace/youtube-dl/youtube_dl/extractor/generic.py:384: SyntaxWarning: invalid escape sequence '\.'
  'thumbnail': 're:^https?://.*\.jpg$',
/path/to/BugsInPy/workspace/youtube-dl/youtube_dl/extractor/youtube.py:1557: SyntaxWarning: invalid escape sequence '\.'
  _VALID_URL = 'https?://www\.youtube\.com/feed/history|:ythistory'
/path/to/BugsInPy/workspace/youtube-dl/youtube_dl/extractor/smotri.py:369: SyntaxWarning: invalid escape sequence '\.'
  'window\.broadcast_control\.addFlashVar\\(\'file\', \'([^\']+)\'\\);',
/path/to/BugsInPy/workspace/youtube-dl/youtube_dl/extractor/beeg.py:19: SyntaxWarning: invalid escape sequence '\.'
  'thumbnail': 're:https?://.*\.jpg$',
/path/to/BugsInPy/workspace/youtube-dl/youtube_dl/extractor/clipsyndicate.py:23: SyntaxWarning: invalid escape sequence '\.'
  'thumbnail': 're:^https?://.+\.jpg',
/path/to/BugsInPy/workspace/youtube-dl/youtube_dl/extractor/novamov.py:17: SyntaxWarning: invalid escape sequence '\.'
  _VALID_URL = _VALID_URL_TEMPLATE % {'host': 'novamov\.com'}
/path/to/BugsInPy/workspace/youtube-dl/youtube_dl/extractor/tnaflix.py:28: SyntaxWarning: invalid escape sequence '\.'
  'thumbnail': 're:https?://.*\.jpg$',
/path/to/BugsInPy/workspace/youtube-dl/youtube_dl/extractor/tnaflix.py:63: SyntaxWarning: invalid escape sequence '\d'
  video_url = re.sub('speed=\d+', 'speed=', item.find('videoLink').text)
/path/to/BugsInPy/workspace/youtube-dl/youtube_dl/extractor/globo.py:20: SyntaxWarning: invalid escape sequence '\.'
  _VALID_URL = 'https?://.+?\.globo\.com/(?P<id>.+)'
/path/to/BugsInPy/workspace/youtube-dl/youtube_dl/extractor/goldenmoustache.py:21: SyntaxWarning: invalid escape sequence '\.'
  'thumbnail': 're:^https?://.*\.jpg$',
/path/to/BugsInPy/workspace/youtube-dl/youtube_dl/extractor/gorillavid.py:32: SyntaxWarning: invalid escape sequence '\.'
  'thumbnail': 're:http://.*\.jpg',
/path/to/BugsInPy/workspace/youtube-dl/youtube_dl/extractor/gorillavid.py:41: SyntaxWarning: invalid escape sequence '\.'
  'thumbnail': 're:http://.*\.jpg',
/path/to/BugsInPy/workspace/youtube-dl/youtube_dl/extractor/gorillavid.py:50: SyntaxWarning: invalid escape sequence '\.'
  'thumbnail': 're:http://.*\.jpg',
/path/to/BugsInPy/workspace/youtube-dl/youtube_dl/extractor/ign.py:89: SyntaxWarning: invalid escape sequence '\.'
  '<param name="flashvars"[^>]*value="[^"]*?url=(https?://www\.ign\.com/videos/.*?)["&]',
/path/to/BugsInPy/workspace/youtube-dl/youtube_dl/extractor/instagram.py:61: SyntaxWarning: invalid escape sequence '\.'
  'thumbnail': 're:^https?://.*\.jpg',
/path/to/BugsInPy/workspace/youtube-dl/youtube_dl/extractor/iprima.py:37: SyntaxWarning: invalid escape sequence '\.'
  'thumbnail': 're:^http:.*\.jpg$',
/path/to/BugsInPy/workspace/youtube-dl/youtube_dl/extractor/ivi.py:60: SyntaxWarning: invalid escape sequence '\s'
  m = re.search('(?s)<a href="#" id="view-comments" class="action-button dim gradient">\s*Комментарии:\s*(?P<commentcount>\d+)\s*</a>', html)
/path/to/BugsInPy/workspace/youtube-dl/youtube_dl/extractor/jukebox.py:40: SyntaxWarning: invalid escape sequence '\/'
  video_url = unescapeHTML(video_url).replace('\/', '/')
/path/to/BugsInPy/workspace/youtube-dl/youtube_dl/extractor/jukebox.py:45: SyntaxWarning: invalid escape sequence '\/'
  youtube_url = unescapeHTML(youtube_url).replace('\/', '/')
/path/to/BugsInPy/workspace/youtube-dl/youtube_dl/extractor/lifenews.py:27: SyntaxWarning: invalid escape sequence '\.'
  'thumbnail': 're:http://.*\.jpg',
/path/to/BugsInPy/workspace/youtube-dl/youtube_dl/extractor/metacafe.py:131: SyntaxWarning: invalid escape sequence '\w'
  m_external = re.match('^(\w{2})-(.*)$', video_id)
/path/to/BugsInPy/workspace/youtube-dl/youtube_dl/extractor/mojvideo.py:23: SyntaxWarning: invalid escape sequence '\.'
  'thumbnail': 're:^http://.*\.jpg$',
/path/to/BugsInPy/workspace/youtube-dl/youtube_dl/extractor/motherless.py:26: SyntaxWarning: invalid escape sequence '\.'
  'thumbnail': 're:http://.*\.jpg',
/path/to/BugsInPy/workspace/youtube-dl/youtube_dl/extractor/motherless.py:40: SyntaxWarning: invalid escape sequence '\.'
  'thumbnail': 're:http://.*\.jpg',
/path/to/BugsInPy/workspace/youtube-dl/youtube_dl/extractor/motherless.py:54: SyntaxWarning: invalid escape sequence '\.'
  'thumbnail': 're:http://.*\.jpg',
/path/to/BugsInPy/workspace/youtube-dl/youtube_dl/extractor/moviezine.py:19: SyntaxWarning: invalid escape sequence '\.'
  'thumbnail': 're:http://.*\.jpg',
/path/to/BugsInPy/workspace/youtube-dl/youtube_dl/extractor/movshare.py:10: SyntaxWarning: invalid escape sequence '\.'
  _VALID_URL = NovaMovIE._VALID_URL_TEMPLATE % {'host': 'movshare\.(?:net|sx|ag)'}
/path/to/BugsInPy/workspace/youtube-dl/youtube_dl/extractor/muenchentv.py:25: SyntaxWarning: invalid escape sequence '\.'
  'thumbnail': 're:^https?://.*\.jpg$'
/path/to/BugsInPy/workspace/youtube-dl/youtube_dl/extractor/myvideo.py:161: SyntaxWarning: invalid escape sequence '\('
  video_swfobj = self._search_regex('swfobject.embedSWF\(\'(.+?)\'', webpage, 'swfobj')
/path/to/BugsInPy/workspace/youtube-dl/youtube_dl/extractor/nowvideo.py:10: SyntaxWarning: invalid escape sequence '\.'
  _VALID_URL = NovaMovIE._VALID_URL_TEMPLATE % {'host': 'nowvideo\.(?:ch|sx|eu|at|ag|co)'}
/path/to/BugsInPy/workspace/youtube-dl/youtube_dl/extractor/rtlnow.py:84: SyntaxWarning: invalid escape sequence '\.'
  'description': 're:^Im Therapiezentrum \'Sonnalm\' kommen durch eine Unachtsamkeit die für die B.handlung mit Phobikern gehaltenen Voglespinnen frei\. Eine Ausreißerin',
/path/to/BugsInPy/workspace/youtube-dl/youtube_dl/extractor/rts.py:33: SyntaxWarning: invalid escape sequence '\.'
  'thumbnail': 're:^https?://.*\.image'
/path/to/BugsInPy/workspace/youtube-dl/youtube_dl/extractor/rts.py:48: SyntaxWarning: invalid escape sequence '\.'
  'thumbnail': 're:^https?://.*\.image'
/path/to/BugsInPy/workspace/youtube-dl/youtube_dl/extractor/rts.py:63: SyntaxWarning: invalid escape sequence '\.'
  'thumbnail': 're:^https?://.*\.image'
/path/to/BugsInPy/workspace/youtube-dl/youtube_dl/extractor/rts.py:79: SyntaxWarning: invalid escape sequence '\.'
  'thumbnail': 're:^https?://.*\.image'
/path/to/BugsInPy/workspace/youtube-dl/youtube_dl/extractor/sbs.py:27: SyntaxWarning: invalid escape sequence '\.'
  'thumbnail': 're:http://.*\.jpg',
/path/to/BugsInPy/workspace/youtube-dl/youtube_dl/extractor/screencast.py:24: SyntaxWarning: invalid escape sequence '\.'
  'thumbnail': 're:^https?://.*\.(?:gif|jpg)$',
/path/to/BugsInPy/workspace/youtube-dl/youtube_dl/extractor/screencast.py:34: SyntaxWarning: invalid escape sequence '\.'
  'thumbnail': 're:^https?://.*\.(?:gif|jpg)$',
/path/to/BugsInPy/workspace/youtube-dl/youtube_dl/extractor/screencast.py:44: SyntaxWarning: invalid escape sequence '\.'
  'thumbnail': 're:^https?://.*\.(?:gif|jpg)$',
/path/to/BugsInPy/workspace/youtube-dl/youtube_dl/extractor/screencast.py:54: SyntaxWarning: invalid escape sequence '\.'
  'thumbnail': 're:^https?://.*\.(?:gif|jpg)$',
/path/to/BugsInPy/workspace/youtube-dl/youtube_dl/extractor/slutload.py:18: SyntaxWarning: invalid escape sequence '\.'
  'thumbnail': 're:https?://.*?\.jpg'
/path/to/BugsInPy/workspace/youtube-dl/youtube_dl/extractor/spiegel.py:87: SyntaxWarning: invalid escape sequence '\.'
  _VALID_URL = 'https?://www\.spiegel\.de/(?!video/)[^?#]*?-(?P<id>[0-9]+)\.html'
/path/to/BugsInPy/workspace/youtube-dl/youtube_dl/extractor/spiegeltv.py:17: SyntaxWarning: invalid escape sequence '\.'
  'thumbnail': 're:http://.*\.jpg$',
/path/to/BugsInPy/workspace/youtube-dl/youtube_dl/extractor/sport5.py:44: SyntaxWarning: invalid escape sequence '\w'
  video_id = self._html_search_regex('clipId=([\w-]+)', webpage, 'video id')
/path/to/BugsInPy/workspace/youtube-dl/youtube_dl/extractor/sportdeutschland.py:23: SyntaxWarning: invalid escape sequence '\.'
  'thumbnail': 're:^https?://.*\.jpg$',
/path/to/BugsInPy/workspace/youtube-dl/youtube_dl/extractor/sportdeutschland.py:24: SyntaxWarning: invalid escape sequence '\.'
  'description': 're:Die Badminton-WM 2014 aus Kopenhagen bei Sportdeutschland\.TV',
/path/to/BugsInPy/workspace/youtube-dl/youtube_dl/extractor/sportdeutschland.py:40: SyntaxWarning: invalid escape sequence '\.'
  'thumbnail': 're:^https?://.*\.jpg$',
/path/to/BugsInPy/workspace/youtube-dl/youtube_dl/extractor/stanfordoc.py:67: SyntaxWarning: invalid escape sequence '\?'
  links = orderedSet(re.findall('<a href="(VideoPage.php\?[^"]+)">', coursepage))
/path/to/BugsInPy/workspace/youtube-dl/youtube_dl/extractor/stanfordoc.py:93: SyntaxWarning: invalid escape sequence '\?'
  links = orderedSet(re.findall('<a href="(CoursePage.php\?[^"]+)">', rootpage))
/path/to/BugsInPy/workspace/youtube-dl/youtube_dl/extractor/swrmediathek.py:21: SyntaxWarning: invalid escape sequence '\.'
  'thumbnail': 're:^http:.*\.jpg$',
/path/to/BugsInPy/workspace/youtube-dl/youtube_dl/extractor/swrmediathek.py:35: SyntaxWarning: invalid escape sequence '\.'
  'thumbnail': 're:http://.*\.jpg',
/path/to/BugsInPy/workspace/youtube-dl/youtube_dl/extractor/swrmediathek.py:49: SyntaxWarning: invalid escape sequence '\.'
  'thumbnail': 're:http://.*\.jpg',
/path/to/BugsInPy/workspace/youtube-dl/youtube_dl/extractor/teachertube.py:27: SyntaxWarning: invalid escape sequence '\.'
  'thumbnail': 're:http://.*\.jpg',
/path/to/BugsInPy/workspace/youtube-dl/youtube_dl/extractor/teachertube.py:37: SyntaxWarning: invalid escape sequence '\.'
  'thumbnail': 're:http://.*\.jpg',
/path/to/BugsInPy/workspace/youtube-dl/youtube_dl/extractor/ted.py:50: SyntaxWarning: invalid escape sequence '\.'
  'thumbnail': 're:^https?://.+\.jpg',
/path/to/BugsInPy/workspace/youtube-dl/youtube_dl/extractor/tinypic.py:31: SyntaxWarning: invalid escape sequence '\s'
  '\s+fo\.addVariable\("s",\s"(?P<serverid>\d+)"\);', webpage)
/path/to/BugsInPy/workspace/youtube-dl/youtube_dl/extractor/tlc.py:50: SyntaxWarning: invalid escape sequence '\.'
  '<iframe src="(http://www\.tlc\.de/wp-content/.+?)"', webpage,
/path/to/BugsInPy/workspace/youtube-dl/youtube_dl/extractor/tudou.py:20: SyntaxWarning: invalid escape sequence '\.'
  'thumbnail': 're:^https?://.*\.jpg$',
/path/to/BugsInPy/workspace/youtube-dl/youtube_dl/extractor/tudou.py:28: SyntaxWarning: invalid escape sequence '\.'
  'thumbnail': 're:^https?://.*\.jpg$',
/path/to/BugsInPy/workspace/youtube-dl/youtube_dl/extractor/tumblr.py:19: SyntaxWarning: invalid escape sequence '\.'
  'thumbnail': 're:http://.*\.jpg',
/path/to/BugsInPy/workspace/youtube-dl/youtube_dl/extractor/tumblr.py:29: SyntaxWarning: invalid escape sequence '\.'
  'thumbnail': 're:http://.*\.jpg',
/path/to/BugsInPy/workspace/youtube-dl/youtube_dl/extractor/vgtv.py:22: SyntaxWarning: invalid escape sequence '\.'
  'thumbnail': 're:^https?://.*\.jpg',
/path/to/BugsInPy/workspace/youtube-dl/youtube_dl/extractor/vgtv.py:37: SyntaxWarning: invalid escape sequence '\.'
  'thumbnail': 're:^https?://.*\.jpg',
/path/to/BugsInPy/workspace/youtube-dl/youtube_dl/extractor/vgtv.py:56: SyntaxWarning: invalid escape sequence '\.'
  'thumbnail': 're:^https?://.*\.jpg',
/path/to/BugsInPy/workspace/youtube-dl/youtube_dl/extractor/vgtv.py:92: SyntaxWarning: invalid escape sequence '\d'
  m = re.search('(?P<width>\d+)_(?P<height>\d+)_(?P<vbr>\d+)', mp4_format)
/path/to/BugsInPy/workspace/youtube-dl/youtube_dl/extractor/videoweed.py:10: SyntaxWarning: invalid escape sequence '\.'
  _VALID_URL = NovaMovIE._VALID_URL_TEMPLATE % {'host': 'videoweed\.(?:es|com)'}
/path/to/BugsInPy/workspace/youtube-dl/youtube_dl/extractor/vimeo.py:257: SyntaxWarning: invalid escape sequence '\w'
  m_variable_name = re.search('(\w)\.video\.id', webpage)
/path/to/BugsInPy/workspace/youtube-dl/youtube_dl/extractor/vimeo.py:520: SyntaxWarning: invalid escape sequence '\.'
  'thumbnail': 're:^https?://.*\.jpg$',
/path/to/BugsInPy/workspace/youtube-dl/youtube_dl/extractor/wdr.py:150: SyntaxWarning: invalid escape sequence '\.'
  _VALID_URL = 'http://(?:www\.)?wdrmaus\.de/(?:[^/]+/){,2}(?P<id>[^/?#]+)(?:/index\.php5|(?<!index)\.php5|/(?:$|[?#]))'
/path/to/BugsInPy/workspace/youtube-dl/youtube_dl/extractor/wdr.py:157: SyntaxWarning: invalid escape sequence '\.'
  'thumbnail': 're:^http://.+\.jpg',
/path/to/BugsInPy/workspace/youtube-dl/youtube_dl/extractor/wdr.py:167: SyntaxWarning: invalid escape sequence '\.'
  'thumbnail': 're:^http://.+\.jpg',
/path/to/BugsInPy/workspace/youtube-dl/youtube_dl/extractor/xbef.py:21: SyntaxWarning: invalid escape sequence '\.'
  'thumbnail': 're:^http://.*\.jpg',
/path/to/BugsInPy/workspace/youtube-dl/youtube_dl/extractor/ynet.py:20: SyntaxWarning: invalid escape sequence '\.'
  'thumbnail': 're:^https?://.*\.jpg',
/path/to/BugsInPy/workspace/youtube-dl/youtube_dl/extractor/ynet.py:28: SyntaxWarning: invalid escape sequence '\.'
  'thumbnail': 're:^https?://.*\.jpg',
/path/to/BugsInPy/workspace/youtube-dl/youtube_dl/extractor/youku.py:45: SyntaxWarning: invalid escape sequence '\:'
  source = list("abcdefghijklmnopqrstuvwxyzABCDEFGHIJKLMNOPQRSTUVWXYZ/\:._-1234567890")
IE_TRACE: Source path:... /path/to/BugsInPy/workspace/youtube-dl/test/test_utils.py
IE_TRACE: Starting var:.. self = <test.test_utils.TestUtil testMethod=test_strip_jsonp>
IE_TRACE: 15:21:35.125097 call       285     def test_strip_jsonp(self):
IE_TRACE: 15:21:35.125383 line       286         stripped = strip_jsonp('cb ([ {"id":"532cb",\n\n\n"x":\n3}\n]\n);')
IE_TRACE:     Source path:... /path/to/BugsInPy/workspace/youtube-dl/youtube_dl/utils.py
IE_TRACE:     Starting var:.. code = 'cb ([ {"id":"532cb",\n\n\n"x":\n3}\n]\n);'
IE_TRACE:     15:21:35.125427 call      1333 def strip_jsonp(code):
IE_TRACE:     15:21:35.125617 line      1334     return re.sub(r'(?s)^[a-zA-Z0-9_]+\s*\(\s*(.*)\);?\s*?\s*$', r'\1', code)
IE_TRACE:     Source path:... /path/to/BugsInPy/workspace/youtube-dl/youtube_dl/utils.py
IE_TRACE:     15:21:35.275143 return    1334     return re.sub(r'(?s)^[a-zA-Z0-9_]+\s*\(\s*(.*)\);?\s*?\s*$', r'\1', code)
IE_TRACE:     Return value:.. '[ {"id":"532cb",\n\n\n"x":\n3}\n]\n'
IE_TRACE: Source path:... /path/to/BugsInPy/workspace/youtube-dl/test/test_utils.py
IE_TRACE: New var:....... stripped = '[ {"id":"532cb",\n\n\n"x":\n3}\n]\n'
IE_TRACE: 15:21:35.275175 line       287         d = json.loads(stripped)
IE_TRACE: Source path:... /path/to/BugsInPy/workspace/youtube-dl/test/test_utils.py
IE_TRACE: New var:....... d = [{'id': '532cb', 'x': 3}]
IE_TRACE: 15:21:35.276016 line       288         self.assertEqual(d, [{"id": "532cb", "x": 3}])
IE_TRACE: Source path:... /path/to/BugsInPy/workspace/youtube-dl/test/test_utils.py
IE_TRACE: 15:21:35.277056 line       290         stripped = strip_jsonp('parseMetadata({"STATUS":"OK"})\n\n\n//epc')
IE_TRACE:     Source path:... /path/to/BugsInPy/workspace/youtube-dl/youtube_dl/utils.py
IE_TRACE:     Starting var:.. code = 'parseMetadata({"STATUS":"OK"})\n\n\n//epc'
IE_TRACE:     15:21:35.277081 call      1333 def strip_jsonp(code):
IE_TRACE:     15:21:35.277105 line      1334     return re.sub(r'(?s)^[a-zA-Z0-9_]+\s*\(\s*(.*)\);?\s*?\s*$', r'\1', code)
IE_TRACE:     Source path:... /path/to/BugsInPy/workspace/youtube-dl/youtube_dl/utils.py
IE_TRACE:     15:21:35.277317 return    1334     return re.sub(r'(?s)^[a-zA-Z0-9_]+\s*\(\s*(.*)\);?\s*?\s*$', r'\1', code)
IE_TRACE:     Return value:.. 'parseMetadata({"STATUS":"OK"})\n\n\n//epc'
IE_TRACE: Source path:... /path/to/BugsInPy/workspace/youtube-dl/test/test_utils.py
IE_TRACE: Modified var:.. stripped = 'parseMetadata({"STATUS":"OK"})\n\n\n//epc'
IE_TRACE: 15:21:35.277341 line       291         d = json.loads(stripped)
IE_TRACE: Source path:... /path/to/BugsInPy/workspace/youtube-dl/test/test_utils.py
IE_TRACE: 15:21:35.278287 exception  291         d = json.loads(stripped)
IE_TRACE: Exception:..... json.decoder.JSONDecodeError: Expecting value: line 1 column 1 (char 0)
IE_TRACE: Call ended by exception
IE_TRACE: Elapsed time: 00:00:00.153457
======================================================================
ERROR: test_strip_jsonp (test.test_utils.TestUtil.test_strip_jsonp)
----------------------------------------------------------------------
Traceback (most recent call last):
  File "/path/to/.venv/lib/python3.12/site-packages/pysnooper/tracer.py", line 320, in simple_wrapper
    return function(*args, **kwargs)
           ^^^^^^^^^^^^^^^^^^^^^^^^^
  File "/path/to/BugsInPy/workspace/youtube-dl/test/test_utils.py", line 291, in test_strip_jsonp
    d = json.loads(stripped)
        ^^^^^^^^^^^^^^^^^^^^
  File "/usr/lib/python3.12/json/__init__.py", line 346, in loads
    return _default_decoder.decode(s)
           ^^^^^^^^^^^^^^^^^^^^^^^^^^
  File "/usr/lib/python3.12/json/decoder.py", line 337, in decode
    obj, end = self.raw_decode(s, idx=_w(s, 0).end())
               ^^^^^^^^^^^^^^^^^^^^^^^^^^^^^^^^^^^^^^
  File "/usr/lib/python3.12/json/decoder.py", line 355, in raw_decode
    raise JSONDecodeError("Expecting value", s, err.value) from None
json.decoder.JSONDecodeError: Expecting value: line 1 column 1 (char 0)

----------------------------------------------------------------------
Ran 1 test in 0.154s

FAILED (errors=1)


Exit code: 1
