Cleared: /path/to/results/thefuck/bug1
  Rewriting test cmd: 'pytest tests/rules/test_pip_unknown_command.py::test_get_new_command' -> 'python -m pytest -o addopts= tests/rules/test_pip_unknown_command.py::test_get_new_command'
Running: python -m pytest -o addopts= tests/rules/test_pip_unknown_command.py::test_get_new_command
Workdir: /path/to/BugsInPy/workspace/thefuck
PYTHONPATH: /path/to/BugsInPy/workspace/thefuck::
============================= test session starts ==============================
platform linux -- Python 3.12.3, pytest-9.0.2, pluggy-1.6.0
rootdir: /path/to/BugsInPy/workspace/thefuck
plugins: httpbin-2.1.0, cov-7.1.0, anyio-4.12.1
collected 2 items

tests/rules/test_pip_unknown_command.py F.                               [100%]

=================================== FAILURES ===================================
_ test_get_new_command[pip un+install thefuck-un+install-uninstall-pip uninstall thefuck] _

script = 'pip un+install thefuck', new_cmd = 'pip uninstall thefuck'
pip_unknown_cmd = 'ERROR: unknown command "un+install" - maybe you meant "uninstall"'

    @pytest.mark.parametrize('script, broken, suggested, new_cmd', [
        ('pip un+install thefuck', 'un+install', 'uninstall', 'pip uninstall thefuck'),
        ('pip instatl', 'instatl', 'install', 'pip install')])
    @pysnooper.snoop(prefix='IE_TRACE: ', depth=10, color=False, max_variable_length=500, custom_repr=((object, _btp_repr),))
    def test_get_new_command(script, new_cmd, pip_unknown_cmd):
>       assert get_new_command(Command(script,
                                       pip_unknown_cmd)) == new_cmd

tests/rules/test_pip_unknown_command.py:39: 
_ _ _ _ _ _ _ _ _ _ _ _ _ _ _ _ _ _ _ _ _ _ _ _ _ _ _ _ _ _ _ _ _ _ _ _ _ _ _ _ 

command = Command(script=pip un+install thefuck, output=ERROR: unknown command "un+install" - maybe you meant "uninstall")

    def get_new_command(command):
>       broken_cmd = re.findall(r'ERROR: unknown command \"([a-z]+)\"',
                                command.output)[0]
E       IndexError: list index out of range

thefuck/rules/pip_unknown_command.py:15: IndexError
----------------------------- Captured stderr call -----------------------------
IE_TRACE: Source path:... /path/to/BugsInPy/workspace/thefuck/tests/rules/test_pip_unknown_command.py
IE_TRACE: Starting var:.. script = 'pip un+install thefuck'
IE_TRACE: Starting var:.. new_cmd = 'pip uninstall thefuck'
IE_TRACE: Starting var:.. pip_unknown_cmd = 'ERROR: unknown command "un+install" - maybe you meant "uninstall"'
IE_TRACE: 13:48:04.272267 call        38 def test_get_new_command(script, new_cmd, pip_unknown_cmd):
IE_TRACE: 13:48:04.272774 line        39     assert get_new_command(Command(script,
IE_TRACE: 13:48:04.272804 line        40                                    pip_unknown_cmd)) == new_cmd
IE_TRACE: 13:48:04.272823 line        39     assert get_new_command(Command(script,
IE_TRACE:     Source path:... /path/to/BugsInPy/workspace/thefuck/thefuck/types.py
IE_TRACE:     Starting var:.. self = REPR FAILED
IE_TRACE:     Starting var:.. script = 'pip un+install thefuck'
IE_TRACE:     Starting var:.. output = 'ERROR: unknown command "un+install" - maybe you meant "uninstall"'
IE_TRACE:     13:48:04.272844 call        17     def __init__(self, script, output):
IE_TRACE:     13:48:04.272962 line        24         self.script = script
IE_TRACE:     13:48:04.272981 line        25         self.output = output
IE_TRACE:     Modified var:.. self = Command(script=pip un+install thefuck, output=ERROR: unknown command "un+install" - maybe you meant "uninstall")
IE_TRACE:     13:48:04.272996 return      25         self.output = output
IE_TRACE:     Return value:.. None
IE_TRACE:     Source path:... /path/to/BugsInPy/workspace/thefuck/thefuck/rules/pip_unknown_command.py
IE_TRACE:     Starting var:.. command = Command(script=pip un+install thefuck, output=ERROR: unknown command "un+install" - maybe you meant "uninstall")
IE_TRACE:     13:48:04.273027 call        14 def get_new_command(command):
IE_TRACE:     13:48:04.273072 line        15     broken_cmd = re.findall(r'ERROR: unknown command \"([a-z]+)\"',
IE_TRACE:     13:48:04.273086 line        16                             command.output)[0]
IE_TRACE:     13:48:04.273097 line        15     broken_cmd = re.findall(r'ERROR: unknown command \"([a-z]+)\"',
IE_TRACE:     Source path:... /path/to/BugsInPy/workspace/thefuck/thefuck/rules/pip_unknown_command.py
IE_TRACE:     13:48:04.353371 line        16                             command.output)[0]
IE_TRACE:     13:48:04.353390 line        15     broken_cmd = re.findall(r'ERROR: unknown command \"([a-z]+)\"',
IE_TRACE:     13:48:04.353403 exception   15     broken_cmd = re.findall(r'ERROR: unknown command \"([a-z]+)\"',
IE_TRACE:     Exception:..... IndexError: list index out of range
IE_TRACE:     Call ended by exception
IE_TRACE: Source path:... /path/to/BugsInPy/workspace/thefuck/tests/rules/test_pip_unknown_command.py
IE_TRACE: New var:....... @py_assert4 = Command(script=pip un+install thefuck, output=ERROR: unknown command "un+install" - maybe you meant "uninstall")
IE_TRACE: 13:48:04.353445 exception   39     assert get_new_command(Command(script,
IE_TRACE: Exception:..... IndexError: list index out of range
IE_TRACE: Call ended by exception
IE_TRACE: Elapsed time: 00:00:00.081448
=========================== short test summary info ============================
FAILED tests/rules/test_pip_unknown_command.py::test_get_new_command[pip un+install thefuck-un+install-uninstall-pip uninstall thefuck]
========================= 1 failed, 1 passed in 0.22s ==========================


Exit code: 1
